============================================================
  Generated by:           Genus(TM) Synthesis Solution 21.15-s080_1
  Generated on:           Nov 30 2025  05:29:28 pm
  Module:                 TopModule
  Operating conditions:   PVT_1P8V_25C 
  Interconnect mode:      global
  Area mode:              timing library
============================================================

                                  Leakage  
  Gate    Instances     Area    Power (nW)       Library       
---------------------------------------------------------------
AND2X1          181    2689.081      6.741    sclib_tsmc180_tt 
BUFX1             9     113.954      0.368    sclib_tsmc180_tt 
DFFQSRX1        538   53145.790    169.703    sclib_tsmc180_tt 
DFFQX1           65    3248.700      9.509    sclib_tsmc180_tt 
INVX2           178    1472.274      3.136    sclib_tsmc180_tt 
INVX4             9      94.198      0.218    sclib_tsmc180_tt 
MUX2X1          605   13280.960     38.001    sclib_tsmc180_tt 
NAND2X1        1607   20347.191     29.177    sclib_tsmc180_tt 
NAND3X1         402    6854.904      9.307    sclib_tsmc180_tt 
NOR2X1          396    5013.994     13.999    sclib_tsmc180_tt 
OR2X1           115    1708.532      5.767    sclib_tsmc180_tt 
XOR2X1          106    2558.840      9.529    sclib_tsmc180_tt 
---------------------------------------------------------------
total          4211  110528.417    295.455                     


                                             Leakage  Leakage 
     Type      Instances    Area    Area % Power (nW) Power % 
--------------------------------------------------------------
sequential           603  56394.490   51.0    179.213    60.7 
inverter             187   1566.471    1.4      3.354     1.1 
buffer                 9    113.954    0.1      0.368     0.1 
logic               3412  52453.501   47.5    112.521    38.1 
physical_cells         0      0.000    0.0      0.000     0.0 
--------------------------------------------------------------
total               4211 110528.417  100.0    295.455   100.0 

