

Working Directory = /home/u1425837/des-project/genus
QoS Summary for TopModule
==========================================================================================
Metric                          generic         map             syn_opt         final          
==========================================================================================
Slack (ps):                     3,651             766             766             766
  R2R (ps):                     3,651             766             766             766
  I2R (ps):                  no_value        no_value        no_value        no_value
  R2O (ps):                  no_value        no_value        no_value        no_value
  I2O (ps):                  no_value        no_value        no_value        no_value
  CG  (ps):                  no_value        no_value        no_value        no_value
TNS (ps):                           0               0               0               0
  R2R (ps):                         0               0               0               0
  I2R (ps):                  no_value        no_value        no_value        no_value
  R2O (ps):                  no_value        no_value        no_value        no_value
  I2O (ps):                  no_value        no_value        no_value        no_value
  CG  (ps):                  no_value        no_value        no_value        no_value
Failing Paths:                      0               0               0               0
Cell Area:                    129,057         149,222         149,150         149,150
Total Cell Area:              129,057         149,222         149,150         149,150
Leaf Instances:                 4,364           4,218           4,211           4,211
Total Instances:                4,364           4,218           4,211           4,211
Utilization (%):                 0.00            0.00            0.00            0.00
Tot. Net Length (um):        no_value        no_value        no_value        no_value
Avg. Net Length (um):        no_value        no_value        no_value        no_value
Route Overflow H (%):        no_value        no_value        no_value        no_value
Route Overflow V (%):        no_value        no_value        no_value        no_value
MBCI(%) (bits/gate) :            0.00            0.00            0.00            0.00
Norm Cong Hotspot Area:
  Max Cong:                  no_value        no_value        no_value        no_value
  Tot Cong:                  no_value        no_value        no_value        no_value
==========================================================================================
CPU  Runtime (h:m:s):        00:00:19        00:00:18        00:00:04        00:00:00
Real Runtime (h:m:s):        00:00:18        00:00:14        00:00:05        00:00:00
CPU  Elapsed (h:m:s):        00:00:23        00:00:40        00:00:44        00:00:44
Real Elapsed (h:m:s):        00:00:20        00:00:34        00:00:39        00:00:39
Memory (MB):                  1548.59         1566.02         1566.84         1568.84
==========================================================================================
==========================================================================================
Flow Settings:
==========================================================================================
Total Runtime (h:m:s): 00:00:38
Total Memory (MB):     1568.84
Executable Version:    21.15-s080_1
==========================================================================================
Total Cell Area =  Cell Area + Physical Cell Area
Total Instances =  Leaf Instances + Physical Instances


