============================================================
  Generated by:           Genus(TM) Synthesis Solution 21.15-s080_1
  Generated on:           Nov 30 2025  05:29:22 pm
  Module:                 TopModule
  Operating conditions:   PVT_1P8V_25C 
  Interconnect mode:      global
  Area mode:              timing library
============================================================

                                  Leakage  
  Gate    Instances     Area    Power (nW)       Library       
---------------------------------------------------------------
AND2X1          179    2659.367      6.692    sclib_tsmc180_tt 
BUFX1             5      63.308      0.204    sclib_tsmc180_tt 
DFFQSRX1        538   53145.790    169.703    sclib_tsmc180_tt 
DFFQX1           65    3248.700      9.509    sclib_tsmc180_tt 
INVX2           184    1521.901      3.229    sclib_tsmc180_tt 
INVX4            10     104.664      0.244    sclib_tsmc180_tt 
MUX2X1          604   13259.008     37.937    sclib_tsmc180_tt 
NAND2X1        1615   20448.484     29.326    sclib_tsmc180_tt 
NAND3X1         400    6820.800      9.244    sclib_tsmc180_tt 
NOR2X1          402    5089.963     14.293    sclib_tsmc180_tt 
OR2X1           110    1634.248      5.444    sclib_tsmc180_tt 
XOR2X1          106    2558.840      9.529    sclib_tsmc180_tt 
---------------------------------------------------------------
total          4218  110555.073    295.355                     


                                             Leakage  Leakage 
     Type      Instances    Area    Area % Power (nW) Power % 
--------------------------------------------------------------
sequential           603  56394.490   51.0    179.213    60.7 
inverter             194   1626.565    1.5      3.473     1.2 
buffer                 5     63.308    0.1      0.204     0.1 
logic               3416  52470.710   47.5    112.465    38.1 
physical_cells         0      0.000    0.0      0.000     0.0 
--------------------------------------------------------------
total               4218 110555.073  100.0    295.355   100.0 

