============================================================
  Generated by:           Genus(TM) Synthesis Solution 21.15-s080_1
  Generated on:           Nov 30 2025  05:29:27 pm
  Module:                 TopModule
  Operating conditions:   PVT_1P8V_25C 
  Interconnect mode:      global
  Area mode:              timing library
============================================================


Path 1: MET (766 ps) Setup Check with Pin csm_inst_right_reg_reg[10]/CLK->D
          Group: C2C
     Startpoint: (R) csm_inst_round_counter_reg[3]/CLK
          Clock: (R) clk
       Endpoint: (F) csm_inst_right_reg_reg[10]/D
          Clock: (R) clk

                     Capture       Launch     
        Clock Edge:+   10000            0     
       Src Latency:+       0            0     
       Net Latency:+       0 (I)        0 (I) 
           Arrival:=   10000            0     
                                              
             Setup:-     463                  
       Uncertainty:-    2000                  
     Required Time:=    7537                  
      Launch Clock:-       0                  
         Data Path:-    6770                  
             Slack:=     766                  

#------------------------------------------------------------------------------------------------------------
#           Timing Point            Flags    Arc   Edge   Cell     Fanout  Load Trans Delay Arrival Instance 
#                                                                          (fF)  (ps)  (ps)   (ps)  Location 
#------------------------------------------------------------------------------------------------------------
  csm_inst_round_counter_reg[3]/CLK -       -      R     (arrival)    335     -  2000     0       0    (-,-) 
  csm_inst_round_counter_reg[3]/Q   -       CLK->Q R     DFFQSRX1      22  97.2  1424   973     973    (-,-) 
  drc_bufs63778/Z                   -       A->Z   F     INVX4         58 250.0   961   816    1788    (-,-) 
  drc_bufs63776/Z                   -       A->Z   R     INVX2         37 156.4  1213   976    2765    (-,-) 
  g63501/Z                          -       A->Z   F     NAND2X1        3  15.1   342   209    2973    (-,-) 
  g63124/Z                          -       B->Z   R     NAND2X1        3  15.1   288   268    3242    (-,-) 
  g62426/Z                          -       A->Z   F     NAND2X1        1   6.8   168    94    3336    (-,-) 
  g62195/Z                          -       B->Z   R     NAND2X1        2  11.0   208   178    3514    (-,-) 
  g61586/Z                          -       A->Z   F     NAND2X1        1   6.8   154    88    3603    (-,-) 
  g61479/Z                          -       B->Z   R     NAND2X1        1   7.3   162   143    3746    (-,-) 
  g61316/Z                          -       B->Z   F     NOR2X1         1   7.3   122   100    3846    (-,-) 
  g60947/Z                          -       A->Z   R     NAND3X1        1   6.8   199   124    3969    (-,-) 
  g60788/Z                          -       A->Z   F     NAND2X1        1   6.9   257    88    4058    (-,-) 
  g60580/Z                          -       A->Z   R     NAND2X1        1  12.8   231   206    4264    (-,-) 
  g60430/Z                          -       B->Z   R     XOR2X1         6  30.1   455   351    4615    (-,-) 
  g60391/Z                          -       A->Z   F     INVX2          9  48.3   341   288    4903    (-,-) 
  g60217__6131/Z                    -       B->Z   R     NOR2X1         6  30.2   470   362    5265    (-,-) 
  g60010__5477/Z                    -       B->Z   F     NOR2X1         3  17.0   254   217    5482    (-,-) 
  g59898/Z                          -       A->Z   R     INVX2          6  34.8   286   238    5720    (-,-) 
  g59892__5477/Z                    -       A->Z   F     NAND2X1        2  12.4   168   134    5855    (-,-) 
  g59683__7482/Z                    -       B->Z   R     NOR2X1         1   7.3   163   127    5982    (-,-) 
  g59489__7410/Z                    -       B->Z   F     NOR2X1         1   7.3   120   100    6082    (-,-) 
  g59463__5477/Z                    -       B->Z   R     NOR2X1         1   7.3   162   114    6196    (-,-) 
  g59404__1666/Z                    -       B->Z   F     NOR2X1         1   7.3   126   100    6296    (-,-) 
  g59384__8428/Z                    -       A->Z   R     NAND3X1        1  12.8   273   175    6471    (-,-) 
  g59333__2802/Z                    -       B->Z   F     XOR2X1         1   6.9   108    94    6565    (-,-) 
  g59289__5526/Z                    -       A->Z   R     NAND2X1        1   7.3   313   115    6679    (-,-) 
  g59276__2398/Z                    -       A->Z   F     NAND3X1        1   6.4   125    91    6770    (-,-) 
  csm_inst_right_reg_reg[10]/D      -       -      F     DFFQSRX1       1     -     -     0    6770    (-,-) 
#------------------------------------------------------------------------------------------------------------

