============================================================
  Generated by:           Genus(TM) Synthesis Solution 21.15-s080_1
  Generated on:           Nov 30 2025  05:08:51 pm
  Module:                 TopModule
  Operating conditions:   PVT_1P8V_25C 
  Interconnect mode:      global
  Area mode:              timing library
============================================================

                                  Leakage  
  Gate    Instances     Area    Power (nW)       Library       
---------------------------------------------------------------
AND2X1          217    3223.926      7.829    sclib_tsmc180_tt 
BUFX1            12     151.939      0.490    sclib_tsmc180_tt 
DFFQSRX1        538   53145.790    169.711    sclib_tsmc180_tt 
DFFQX1           65    3248.700      9.509    sclib_tsmc180_tt 
INVX1             1       8.271      0.018    sclib_tsmc180_tt 
INVX2           202    1670.782      3.608    sclib_tsmc180_tt 
INVX4             8      83.731      0.203    sclib_tsmc180_tt 
MUX2X1          629   13807.808     38.852    sclib_tsmc180_tt 
NAND2X1        1446   18308.674     26.171    sclib_tsmc180_tt 
NAND3X1         489    8338.428     11.140    sclib_tsmc180_tt 
NOR2X1          378    4786.085     12.642    sclib_tsmc180_tt 
OR2X1           113    1678.818      5.896    sclib_tsmc180_tt 
XOR2X1          109    2631.260      9.945    sclib_tsmc180_tt 
---------------------------------------------------------------
total          4207  111084.213    296.014                     


                                             Leakage  Leakage 
     Type      Instances    Area    Area % Power (nW) Power % 
--------------------------------------------------------------
sequential           603  56394.490   50.8    179.220    60.5 
inverter             211   1762.785    1.6      3.828     1.3 
buffer                12    151.939    0.1      0.490     0.2 
logic               3381  52774.998   47.5    112.475    38.0 
physical_cells         0      0.000    0.0      0.000     0.0 
--------------------------------------------------------------
total               4207 111084.213  100.0    296.014   100.0 

