============================================================
  Generated by:           Genus(TM) Synthesis Solution 21.15-s080_1
  Generated on:           Nov 30 2025  05:08:45 pm
  Module:                 TopModule
  Operating conditions:   PVT_1P8V_25C 
  Interconnect mode:      global
  Area mode:              timing library
============================================================

                                  Leakage  
  Gate    Instances     Area    Power (nW)       Library       
---------------------------------------------------------------
AND2X1          217    3223.926      7.832    sclib_tsmc180_tt 
BUFX1            12     151.939      0.490    sclib_tsmc180_tt 
DFFQSRX1        538   53145.790    169.711    sclib_tsmc180_tt 
DFFQX1           65    3248.700      9.509    sclib_tsmc180_tt 
INVX2           213    1761.766      3.764    sclib_tsmc180_tt 
INVX4             8      83.731      0.203    sclib_tsmc180_tt 
MUX2X1          628   13785.856     38.788    sclib_tsmc180_tt 
NAND2X1        1455   18422.628     26.341    sclib_tsmc180_tt 
NAND3X1         485    8270.220     11.033    sclib_tsmc180_tt 
NOR2X1          391    4950.686     13.296    sclib_tsmc180_tt 
OR2X1           102    1515.394      5.179    sclib_tsmc180_tt 
XOR2X1          109    2631.260      9.945    sclib_tsmc180_tt 
---------------------------------------------------------------
total          4223  111191.895    296.089                     


                                             Leakage  Leakage 
     Type      Instances    Area    Area % Power (nW) Power % 
--------------------------------------------------------------
sequential           603  56394.490   50.7    179.220    60.5 
inverter             221   1845.497    1.7      3.967     1.3 
buffer                12    151.939    0.1      0.490     0.2 
logic               3387  52799.969   47.5    112.412    38.0 
physical_cells         0      0.000    0.0      0.000     0.0 
--------------------------------------------------------------
total               4223 111191.895  100.0    296.089   100.0 

