============================================================
  Generated by:           Genus(TM) Synthesis Solution 21.15-s080_1
  Generated on:           Nov 30 2025  05:08:50 pm
  Module:                 TopModule
  Operating conditions:   PVT_1P8V_25C 
  Interconnect mode:      global
  Area mode:              timing library
============================================================

Timing
--------

Clock  Period  
---------------
clk   100000.0 


  Cost    Critical         Violating 
 Group   Path Slack  TNS     Paths   
-------------------------------------
C2C         92721.9   0.0          0 
C2O        No paths   0.0            
clk        No paths   0.0            
default    No paths   0.0            
I2C        No paths   0.0            
I2O        No paths   0.0            
-------------------------------------
Total                 0.0          0 

Instance Count
--------------
Leaf Instance Count             4207 
Physical Instance count            0 
Sequential Instance Count        603 
Combinational Instance Count    3604 
Hierarchical Instance Count        0 

Area
----
Cell Area                          111084.213
Physical Cell Area                 0.000
Total Cell Area (Cell+Physical)    111084.213
Net Area                           38834.412
Total Area (Cell+Physical+Net)     149918.625

Runtime                            0.0 seconds
Elapsed Runtime                    41 seconds
Genus peak memory usage            1567.50 
Innovus peak memory usage          no_value 
Hostname                           lab1-30.eng.utah.edu
