============================================================
  Generated by:           Genus(TM) Synthesis Solution 21.15-s080_1
  Generated on:           Nov 30 2025  05:08:50 pm
  Module:                 TopModule
  Operating conditions:   PVT_1P8V_25C 
  Interconnect mode:      global
  Area mode:              timing library
============================================================


Path 1: MET (92722 ps) Setup Check with Pin csm_inst_right_reg_reg[10]/CLK->D
          Group: C2C
     Startpoint: (R) csm_inst_round_counter_reg[3]/CLK
          Clock: (R) clk
       Endpoint: (R) csm_inst_right_reg_reg[10]/D
          Clock: (R) clk

                     Capture       Launch     
        Clock Edge:+  100000            0     
       Src Latency:+       0            0     
       Net Latency:+       0 (I)        0 (I) 
           Arrival:=  100000            0     
                                              
             Setup:-     212                  
     Required Time:=   99788                  
      Launch Clock:-       0                  
         Data Path:-    7066                  
             Slack:=   92722                  

#------------------------------------------------------------------------------------------------------------
#           Timing Point            Flags    Arc   Edge   Cell     Fanout  Load Trans Delay Arrival Instance 
#                                                                          (fF)  (ps)  (ps)   (ps)  Location 
#------------------------------------------------------------------------------------------------------------
  csm_inst_round_counter_reg[3]/CLK -       -      R     (arrival)    335     -     0     0       0    (-,-) 
  csm_inst_round_counter_reg[3]/Q   -       CLK->Q R     DFFQSRX1       8  36.3   543   425     425    (-,-) 
  g57298/Z                          -       A->Z   F     INVX2         49 211.5  1232   878    1302    (-,-) 
  drc_bufs57528/Z                   -       A->Z   R     INVX2         35 147.7  1197  1025    2328    (-,-) 
  g57167/Z                          -       A->Z   F     NAND2X1        3  15.1   340   208    2536    (-,-) 
  g56995/Z                          -       B->Z   R     NAND2X1        3  15.1   288   268    2803    (-,-) 
  g56492/Z                          -       A->Z   F     NAND2X1        1   6.8   254    94    2898    (-,-) 
  g55340/Z                          -       B->Z   R     NAND2X1        1   7.3   174   172    3070    (-,-) 
  g55169/Z                          -       B->Z   F     NOR2X1         1   7.3   120   102    3172    (-,-) 
  g54665/Z                          -       A->Z   R     NAND3X1        1   6.8   210   123    3296    (-,-) 
  g54526/Z                          -       A->Z   F     NAND2X1        1   7.3   149    92    3388    (-,-) 
  g54323/Z                          -       A->Z   R     NAND3X1        1   7.3   202   137    3525    (-,-) 
  g54280/Z                          -       B->Z   F     NOR2X1         1   7.3   116   107    3631    (-,-) 
  g54210/Z                          -       A->Z   R     NAND3X1        1  12.8   272   172    3803    (-,-) 
  g54149__1881/Z                    -       B->Z   R     XOR2X1        10  47.2   702   494    4297    (-,-) 
  g53982__8428/Z                    -       A->Z   F     NAND2X1        5  25.4   355   272    4569    (-,-) 
  g53927/Z                          -       A->Z   R     INVX2          3  16.0   188   175    4743    (-,-) 
  g53813__4319/Z                    -       B->Z   F     NOR2X1         6  36.0   389   273    5016    (-,-) 
  g53723/Z                          -       A->Z   R     INVX2          4  19.8   220   204    5220    (-,-) 
  g53626__9315/Z                    -       A->Z   F     NAND2X1        2  12.4   210   126    5346    (-,-) 
  g53445__1705/Z                    -       B->Z   R     NOR2X1         1   7.3   163   138    5484    (-,-) 
  g53368__6161/Z                    -       B->Z   F     NOR2X1         1   7.3   121   100    5583    (-,-) 
  g53307__7482/Z                    -       B->Z   R     NOR2X1         1   7.3   144   114    5698    (-,-) 
  g53270__1705/Z                    -       B->Z   F     NOR2X1         1   6.9   116    93    5791    (-,-) 
  g53240__2802/Z                    -       A->Z   F     AND2X1         1   7.3    85   127    5918    (-,-) 
  g53187__8246/Z                    -       A->Z   R     NAND3X1        1   7.3   192   116    6034    (-,-) 
  g53172__6417/Z                    -       B->Z   F     NOR2X1         1   7.3   120   106    6139    (-,-) 
  g53131__7098/Z                    -       A->Z   R     NAND3X1        1   7.3   199   127    6267    (-,-) 
  g53111__2883/Z                    -       B->Z   F     NOR2X1         1   7.3   120   106    6373    (-,-) 
  g53073__6161/Z                    -       A->Z   R     NAND3X1        1   7.3   192   127    6500    (-,-) 
  g53047__6783/Z                    -       B->Z   R     OR2X1          1  12.8   203   185    6685    (-,-) 
  g53034__6260/Z                    -       B->Z   R     XOR2X1         1   6.8   124   157    6842    (-,-) 
  g53032__5107/Z                    -       A->Z   F     NAND2X1        1   7.3   201    80    6922    (-,-) 
  g53031__2398/Z                    -       A->Z   R     NAND3X1        1   6.4   190   144    7066    (-,-) 
  csm_inst_right_reg_reg[10]/D      -       -      R     DFFQSRX1       1     -     -     0    7066    (-,-) 
#------------------------------------------------------------------------------------------------------------

