*** Statistics for net list top_pad ***
Number of cells      = 23954
Number of nets       = 4193
Number of tri-nets   = 0
Number of degen nets = 0
Number of pins       = 13804
Number of i/os       = 6

Number of nets with    2 terms = 2889 (68.9%)
Number of nets with    3 terms = 403 (9.6%)
Number of nets with    4 terms = 443 (10.6%)
Number of nets with    5 terms = 169 (4.0%)
Number of nets with    6 terms = 88 (2.1%)
Number of nets with    7 terms = 53 (1.3%)
Number of nets with    8 terms = 41 (1.0%)
Number of nets with    9 terms = 23 (0.5%)
Number of nets with >=10 terms = 84 (2.0%)

*** 30 Primitives used:
Primitive pad_vdd (1 insts)
Primitive pad_out (1 insts)
Primitive pad_in (5 insts)
Primitive pad_gnd (1 insts)
Primitive pad_fill_8 (12 insts)
Primitive pad_fill_4 (6 insts)
Primitive pad_fill_32 (114 insts)
Primitive pad_fill_2 (6 insts)
Primitive pad_fill_16 (6 insts)
Primitive pad_fill_01 (48 insts)
Primitive pad_fill_005 (32 insts)
Primitive pad_corner (4 insts)
Primitive XOR2X1 (96 insts)
Primitive OR2X1 (215 insts)
Primitive NOR2X1 (402 insts)
Primitive NAND3X1 (480 insts)
Primitive NAND2X1 (1477 insts)
Primitive MUX2X1 (482 insts)
Primitive INVX4 (2 insts)
Primitive INVX2 (189 insts)
Primitive FILL8 (905 insts)
Primitive FILL4 (2393 insts)
Primitive FILL32 (11303 insts)
Primitive FILL2 (1971 insts)
Primitive FILL16 (779 insts)
Primitive FILL1 (2168 insts)
Primitive DFFQSRX1 (533 insts)
Primitive BUFX1 (81 insts)
Primitive ANTENNA (17 insts)
Primitive AND2X1 (225 insts)
************
