###############################################################
#  Generated by:      Cadence Innovus 21.15-s110_1
#  OS:                Linux x86_64(Host ID lab2-30.eng.utah.edu)
#  Generated on:      Sun Nov 30 22:48:20 2025
#  Design:            top_pad
#  Command:           report_timing > ${rpt_dir}/timing_final.rpt
###############################################################
Path 1: MET Recovery Check with Pin core/csm_inst_right_reg_reg[28]/CLK 
Endpoint:   core/csm_inst_right_reg_reg[28]/RESETB (^) checked with  leading 
edge of 'clk'
Beginpoint: rst                                    (v) triggered by  leading 
edge of '@'
Path Groups: {async_default}
Analysis View: wc
Other End Arrival Time         -0.072
- Recovery                      4.569
+ Phase Shift                  30.000
- Uncertainty                   2.000
= Required Time                23.359
- Arrival Time                 17.644
= Slack Time                    5.715
     Clock Rise Edge                      0.000
     + Input Delay                        0.000
     = Beginpoint Arrival Time            0.000
     +----------------------------------------------------------------------------------------------+ 
     |            Instance             |        Arc        |   Cell   |  Delay | Arrival | Required | 
     |                                 |                   |          |        |  Time   |   Time   | 
     |---------------------------------+-------------------+----------+--------+---------+----------| 
     |                                 | rst v             |          |        |   0.000 |    5.715 | 
     | rst_pad                         | pad v -> DataIn v | pad_in   |  0.259 |   0.259 |    5.974 | 
     | core/g121453                    | A v -> Z ^        | INVX2    | 16.450 |  16.709 |   22.424 | 
     | core/csm_inst_right_reg_reg[28] | RESETB ^          | DFFQSRX1 |  0.935 |  17.644 |   23.359 | 
     +----------------------------------------------------------------------------------------------+ 

