============================================================
  Generated by:           Genus(TM) Synthesis Solution 21.15-s080_1
  Generated on:           Nov 30 2025  08:32:35 pm
  Module:                 top_pad
  Operating conditions:   PVT_1P8V_25C 
  Interconnect mode:      global
  Area mode:              timing library
============================================================

Timing
--------

Clock  Period 
--------------
clk   10000.0 


  Cost    Critical         Violating 
 Group   Path Slack  TNS     Paths   
-------------------------------------
C2C           361.9   0.0          0 
C2O        No paths   0.0            
clk        No paths   0.0            
default    No paths   0.0            
I2C        No paths   0.0            
I2O        No paths   0.0            
-------------------------------------
Total                 0.0          0 

Instance Count
--------------
Leaf Instance Count             4524 
Physical Instance count            0 
Sequential Instance Count        536 
Combinational Instance Count    3988 
Hierarchical Instance Count        1 

Area
----
Cell Area                          188247.799
Physical Cell Area                 0.000
Total Cell Area (Cell+Physical)    188247.799
Net Area                           41283.572
Total Area (Cell+Physical+Net)     229531.371

Runtime                            0.0 seconds
Elapsed Runtime                    40 seconds
Genus peak memory usage            1552.54 
Innovus peak memory usage          no_value 
Hostname                           lab2-30.eng.utah.edu
