============================================================
  Generated by:           Genus(TM) Synthesis Solution 21.15-s080_1
  Generated on:           Nov 30 2025  08:32:15 pm
  Module:                 top_pad
  Operating conditions:   PVT_1P8V_25C 
  Interconnect mode:      global
  Area mode:              timing library
============================================================

                                Leakage  
  Gate   Instances    Area    Power (nW)        Library       
--------------------------------------------------------------
pad_in           5  65340.000      7.543    padlib_tsmc180_tt 
pad_out          1  13068.000      5.741    padlib_tsmc180_tt 
--------------------------------------------------------------
total            6  78408.000     13.284                      


                                            Leakage  Leakage 
     Type      Instances    Area   Area % Power (nW) Power % 
-------------------------------------------------------------
timing_model           6 78408.000  100.0     13.284     8.4 
sequential           536     0.000    0.0     78.471    49.3 
inverter               1     0.000    0.0      0.018     0.0 
logic               5176     0.000    0.0     67.247    42.3 
physical_cells         0     0.000    0.0      0.000     0.0 
-------------------------------------------------------------
total               5719 78408.000  100.0    159.020   100.0 

