============================================================
  Generated by:           Genus(TM) Synthesis Solution 21.15-s080_1
  Generated on:           Nov 30 2025  08:32:14 pm
  Module:                 top_pad
  Operating conditions:   PVT_1P8V_25C 
  Interconnect mode:      global
  Area mode:              timing library
============================================================

Timing
--------

Clock  Period 
--------------
clk   10000.0 


  Cost    Critical         Violating 
 Group   Path Slack  TNS     Paths   
-------------------------------------
C2C          3617.4   0.0          0 
C2O        No paths   0.0            
clk        No paths   0.0            
default    No paths   0.0            
I2C        No paths   0.0            
I2O        No paths   0.0            
-------------------------------------
Total                 0.0          0 

Instance Count
--------------
Leaf Instance Count             5719 
Physical Instance count            0 
Sequential Instance Count        536 
Combinational Instance Count    5183 
Hierarchical Instance Count        1 

Area
----
Cell Area                          233508.541
Physical Cell Area                 0.000
Total Cell Area (Cell+Physical)    233508.541
Net Area                           6.085
Total Area (Cell+Physical+Net)     233514.626

Runtime                            0.0 seconds
Elapsed Runtime                    19 seconds
Genus peak memory usage            1526.82 
Innovus peak memory usage          no_value 
Hostname                           lab2-30.eng.utah.edu
