============================================================
  Generated by:           Genus(TM) Synthesis Solution 21.15-s080_1
  Generated on:           Nov 30 2025  08:32:29 pm
  Module:                 top_pad
  Operating conditions:   PVT_1P8V_25C 
  Interconnect mode:      global
  Area mode:              timing library
============================================================

                                  Leakage  
  Gate    Instances     Area    Power (nW)        Library       
----------------------------------------------------------------
AND2X1          114    1693.675      4.404    sclib_tsmc180_tt  
BUFX1            16     202.586      0.654    sclib_tsmc180_tt  
DFFQSRX1        536   52948.222    165.029    sclib_tsmc180_tt  
INVX2           209    1728.681      3.809    sclib_tsmc180_tt  
INVX4             9      94.198      0.200    sclib_tsmc180_tt  
MUX2X1          337    7397.824     21.539    sclib_tsmc180_tt  
NAND2X1        2090   26462.744     38.420    sclib_tsmc180_tt  
NAND3X1         559    9532.068     13.125    sclib_tsmc180_tt  
NOR2X1          352    4456.883     11.919    sclib_tsmc180_tt  
OR2X1           208    3090.214     10.882    sclib_tsmc180_tt  
XOR2X1           94    2269.160      8.425    sclib_tsmc180_tt  
pad_in            5   65340.000      7.543    padlib_tsmc180_tt 
pad_out           1   13068.000      5.741    padlib_tsmc180_tt 
----------------------------------------------------------------
total          4530  188284.255    291.691                      


                                                     Leakage  Leakage 
     Library      Instances Instances %    Area    Power (nW) Power % 
----------------------------------------------------------------------
padlib_tsmc180_tt         6         0.1  78408.000     13.284     4.6 
sclib_tsmc180_tt       4524        99.9 109876.255    278.407    95.4 

                                             Leakage  Leakage 
     Type      Instances    Area    Area % Power (nW) Power % 
--------------------------------------------------------------
timing_model           6  78408.000   41.6     13.284     4.6 
sequential           536  52948.222   28.1    165.029    56.6 
inverter             218   1822.878    1.0      4.010     1.4 
buffer                16    202.586    0.1      0.654     0.2 
logic               3754  54902.569   29.2    108.715    37.3 
physical_cells         0      0.000    0.0      0.000     0.0 
--------------------------------------------------------------
total               4530 188284.255  100.0    291.691   100.0 

