============================================================
  Generated by:           Genus(TM) Synthesis Solution 21.15-s080_1
  Generated on:           Nov 30 2025  08:32:34 pm
  Module:                 top_pad
  Operating conditions:   PVT_1P8V_25C 
  Interconnect mode:      global
  Area mode:              timing library
============================================================

                                  Leakage  
  Gate    Instances     Area    Power (nW)        Library       
----------------------------------------------------------------
AND2X1          118    1753.102      4.535    sclib_tsmc180_tt  
BUFX1            15     189.924      0.613    sclib_tsmc180_tt  
DFFQSRX1        536   52948.222    165.029    sclib_tsmc180_tt  
INVX2           204    1687.325      3.706    sclib_tsmc180_tt  
INVX4            10     104.664      0.223    sclib_tsmc180_tt  
MUX2X1          337    7397.824     21.539    sclib_tsmc180_tt  
NAND2X1        2080   26336.128     38.236    sclib_tsmc180_tt  
NAND3X1         560    9549.120     13.145    sclib_tsmc180_tt  
NOR2X1          353    4469.545     11.913    sclib_tsmc180_tt  
OR2X1           211    3134.785     11.106    sclib_tsmc180_tt  
XOR2X1           94    2269.160      8.425    sclib_tsmc180_tt  
pad_in            5   65340.000      7.543    padlib_tsmc180_tt 
pad_out           1   13068.000      5.741    padlib_tsmc180_tt 
----------------------------------------------------------------
total          4524  188247.799    291.753                      


                                                     Leakage  Leakage 
     Library      Instances Instances %    Area    Power (nW) Power % 
----------------------------------------------------------------------
padlib_tsmc180_tt         6         0.1  78408.000     13.284     4.6 
sclib_tsmc180_tt       4518        99.9 109839.799    278.470    95.4 

                                             Leakage  Leakage 
     Type      Instances    Area    Area % Power (nW) Power % 
--------------------------------------------------------------
timing_model           6  78408.000   41.7     13.284     4.6 
sequential           536  52948.222   28.1    165.029    56.6 
inverter             214   1791.989    1.0      3.929     1.3 
buffer                15    189.924    0.1      0.613     0.2 
logic               3753  54909.664   29.2    108.899    37.3 
physical_cells         0      0.000    0.0      0.000     0.0 
--------------------------------------------------------------
total               4524 188247.799  100.0    291.753   100.0 

