============================================================
  Generated by:           Genus(TM) Synthesis Solution 21.15-s080_1
  Generated on:           Nov 30 2025  08:32:29 pm
  Module:                 top_pad
  Operating conditions:   PVT_1P8V_25C 
  Interconnect mode:      global
  Area mode:              timing library
============================================================


Path 1: MET (362 ps) Setup Check with Pin core/csm_inst_right_reg_reg[22]/CLK->D
          Group: C2C
     Startpoint: (R) core/csm_inst_round_counter_reg[0]/CLK
          Clock: (R) clk
       Endpoint: (F) core/csm_inst_right_reg_reg[22]/D
          Clock: (R) clk

                     Capture       Launch     
        Clock Edge:+   10000            0     
       Src Latency:+       0            0     
       Net Latency:+       0 (I)        0 (I) 
           Arrival:=   10000            0     
                                              
             Setup:-     460                  
       Uncertainty:-    2000                  
     Required Time:=    7540                  
      Launch Clock:-       0                  
         Data Path:-    7178                  
             Slack:=     362                  

#-----------------------------------------------------------------------------------------------------------------
#             Timing Point               Flags    Arc   Edge   Cell     Fanout  Load Trans Delay Arrival Instance 
#                                                                               (fF)  (ps)  (ps)   (ps)  Location 
#-----------------------------------------------------------------------------------------------------------------
  core/csm_inst_round_counter_reg[0]/CLK -       -      R     (arrival)    536     -  2000     0       0    (-,-) 
  core/csm_inst_round_counter_reg[0]/Q   -       CLK->Q R     DFFQSRX1      18  93.3  1367   941     941    (-,-) 
  core/g121412/Z                         -       A->Z   R     BUFX1         13  75.8  1116   679    1620    (-,-) 
  core/g121400/Z                         -       A->Z   F     INVX2         29 164.9  1053   867    2487    (-,-) 
  core/g121092/Z                         -       A->Z   R     NOR2X1        19  83.1  1240   898    3385    (-,-) 
  core/g120912/Z                         -       A->Z   R     BUFX1         19  81.4  1196   727    4112    (-,-) 
  core/g120384/Z                         -       A->Z   F     NAND2X1        1   7.2   248   116    4228    (-,-) 
  core/g119307/Z                         -       C->Z   R     NAND3X1        1   7.7   211   209    4437    (-,-) 
  core/g119259/Z                         -       A->Z   F     INVX2          1   7.3    88    74    4510    (-,-) 
  core/g118619/Z                         -       A->Z   R     NAND3X1        1   6.8   189   113    4623    (-,-) 
  core/g118356/Z                         -       A->Z   F     NAND2X1        1   6.9   192    88    4711    (-,-) 
  core/g118098/Z                         -       A->Z   R     NAND2X1        1  12.8   231   187    4898    (-,-) 
  core/g117785/Z                         -       B->Z   R     XOR2X1         7  33.8   508   381    5280    (-,-) 
  core/g117742/Z                         -       A->Z   F     INVX2          8  37.0   301   253    5533    (-,-) 
  core/g117575__4319/Z                   -       A->Z   R     NAND2X1        6  30.2   487   366    5898    (-,-) 
  core/g117498/Z                         -       A->Z   F     INVX2          2  11.4   156   118    6016    (-,-) 
  core/g117352__2802/Z                   -       B->Z   R     NAND2X1        2  12.0   237   182    6198    (-,-) 
  core/g117161__6161/Z                   -       B->Z   F     NOR2X1         2  11.9   276   142    6340    (-,-) 
  core/g116980__1617/Z                   -       B->Z   R     NOR2X1         1   7.3   170   151    6492    (-,-) 
  core/g116885__5477/Z                   -       B->Z   F     NOR2X1         1   7.2   184   101    6592    (-,-) 
  core/g116804__4319/Z                   -       A->Z   R     NOR2X1         1   7.3   146   133    6725    (-,-) 
  core/g116777__8428/Z                   -       A->Z   F     NAND3X1        1  12.8   143   112    6837    (-,-) 
  core/g116728__5122/Z                   -       B->Z   R     XOR2X1         1   7.3   131   136    6972    (-,-) 
  core/g116688__5107/Z                   -       B->Z   R     OR2X1          1   7.3   125   132    7105    (-,-) 
  core/g116680__9945/Z                   -       A->Z   F     NAND3X1        1   6.4   114    73    7178    (-,-) 
  core/csm_inst_right_reg_reg[22]/D      -       -      F     DFFQSRX1       1     -     -     0    7178    (-,-) 
#-----------------------------------------------------------------------------------------------------------------

