============================================================
  Generated by:           Genus(TM) Synthesis Solution 21.15-s080_1
  Generated on:           Nov 30 2025  04:07:03 pm
  Module:                 TopModule
  Operating conditions:   PVT_1P8V_25C 
  Interconnect mode:      global
  Area mode:              timing library
============================================================

                                  Leakage  
  Gate    Instances     Area    Power (nW)       Library       
---------------------------------------------------------------
AND2X1          243    3610.202      9.593    sclib_tsmc180_tt 
BUFX1            50     633.080      2.043    sclib_tsmc180_tt 
DFFQSRX1        538   53145.790    169.776    sclib_tsmc180_tt 
DFFQX1           65    3248.700      9.506    sclib_tsmc180_tt 
INVX1            10      82.712      0.193    sclib_tsmc180_tt 
INVX16           15     420.420      0.902    sclib_tsmc180_tt 
INVX2           342    2828.750      6.053    sclib_tsmc180_tt 
INVX32            1      49.980      0.101    sclib_tsmc180_tt 
INVX4           171    1789.754      3.850    sclib_tsmc180_tt 
INVX8            74    1261.848      2.585    sclib_tsmc180_tt 
MUX2X1          578   12688.256     37.440    sclib_tsmc180_tt 
NAND2X1        2141   27108.486     39.527    sclib_tsmc180_tt 
NAND3X1         365    6223.980      8.289    sclib_tsmc180_tt 
NOR2X1          369    4672.130     12.911    sclib_tsmc180_tt 
OR2X1            45     668.556      2.440    sclib_tsmc180_tt 
XOR2X1           34     820.760      3.101    sclib_tsmc180_tt 
---------------------------------------------------------------
total          5041  119253.406    308.312                     


                                             Leakage  Leakage 
     Type      Instances    Area    Area % Power (nW) Power % 
--------------------------------------------------------------
sequential           603  56394.490   47.3    179.282    58.1 
inverter             613   6433.465    5.4     13.685     4.4 
buffer                50    633.080    0.5      2.043     0.7 
logic               3775  55792.370   46.8    113.302    36.7 
physical_cells         0      0.000    0.0      0.000     0.0 
--------------------------------------------------------------
total               5041 119253.406  100.0    308.312   100.0 

