============================================================
  Generated by:           Genus(TM) Synthesis Solution 21.15-s080_1
  Generated on:           Nov 30 2025  04:07:03 pm
  Module:                 TopModule
  Operating conditions:   PVT_1P8V_25C 
  Interconnect mode:      global
  Area mode:              timing library
============================================================

Timing
--------

Clock Period 
-------------
clk   1000.0 


  Cost    Critical               Violating 
 Group   Path Slack     TNS        Paths   
-------------------------------------------
C2C         -1847.1   -128613.4        326 
C2O        No paths         0.0            
clk        No paths         0.0            
default    No paths         0.0            
I2C        No paths         0.0            
I2O        No paths         0.0            
-------------------------------------------
Total                 -128613.4        326 

Instance Count
--------------
Leaf Instance Count             5041 
Physical Instance count            0 
Sequential Instance Count        603 
Combinational Instance Count    4438 
Hierarchical Instance Count        0 

Area
----
Cell Area                          119253.406
Physical Cell Area                 0.000
Total Cell Area (Cell+Physical)    119253.406
Net Area                           44558.585
Total Area (Cell+Physical+Net)     163811.991

Runtime                            0.0 seconds
Elapsed Runtime                    137 seconds
Genus peak memory usage            1602.51 
Innovus peak memory usage          no_value 
Hostname                           lab1-30.eng.utah.edu
