============================================================
  Generated by:           Genus(TM) Synthesis Solution 21.15-s080_1
  Generated on:           Nov 30 2025  04:09:21 pm
  Module:                 TopModule
  Operating conditions:   PVT_1P8V_25C 
  Interconnect mode:      global
  Area mode:              timing library
============================================================

                                  Leakage  
  Gate    Instances     Area    Power (nW)       Library       
---------------------------------------------------------------
AND2X1          278    4130.190     11.214    sclib_tsmc180_tt 
BUFX1           125    1582.700      5.108    sclib_tsmc180_tt 
DFFQSRX1        538   53145.790    169.774    sclib_tsmc180_tt 
DFFQX1           65    3248.700      9.506    sclib_tsmc180_tt 
INVX1            36     297.763      0.766    sclib_tsmc180_tt 
INVX16           13     364.364      0.807    sclib_tsmc180_tt 
INVX2           249    2059.529      4.396    sclib_tsmc180_tt 
INVX32           15     749.700      1.670    sclib_tsmc180_tt 
INVX4           213    2229.343      4.777    sclib_tsmc180_tt 
INVX8            92    1568.784      3.231    sclib_tsmc180_tt 
MUX2X1          552   12117.504     35.731    sclib_tsmc180_tt 
NAND2X1        2184   27652.934     40.335    sclib_tsmc180_tt 
NAND3X1         449    7656.348     10.125    sclib_tsmc180_tt 
NOR2X1          360    4558.176     12.416    sclib_tsmc180_tt 
OR2X1            66     980.549      3.522    sclib_tsmc180_tt 
XOR2X1           43    1038.020      3.913    sclib_tsmc180_tt 
---------------------------------------------------------------
total          5278  123380.395    317.291                     


                                             Leakage  Leakage 
     Type      Instances    Area    Area % Power (nW) Power % 
--------------------------------------------------------------
sequential           603  56394.490   45.7    179.280    56.5 
inverter             618   7269.483    5.9     15.646     4.9 
buffer               125   1582.700    1.3      5.108     1.6 
logic               3932  58133.722   47.1    117.257    37.0 
physical_cells         0      0.000    0.0      0.000     0.0 
--------------------------------------------------------------
total               5278 123380.395  100.0    317.291   100.0 

