============================================================
  Generated by:           Genus(TM) Synthesis Solution 21.15-s080_1
  Generated on:           Nov 30 2025  04:09:21 pm
  Module:                 TopModule
  Operating conditions:   PVT_1P8V_25C 
  Interconnect mode:      global
  Area mode:              timing library
============================================================

Timing
--------

Clock Period 
-------------
clk   1000.0 


  Cost    Critical              Violating 
 Group   Path Slack     TNS       Paths   
------------------------------------------
C2C         -1691.9   -91988.3        321 
C2O        No paths        0.0            
clk        No paths        0.0            
default    No paths        0.0            
I2C        No paths        0.0            
I2O        No paths        0.0            
------------------------------------------
Total                 -91988.3        321 

Instance Count
--------------
Leaf Instance Count             5278 
Physical Instance count            0 
Sequential Instance Count        603 
Combinational Instance Count    4675 
Hierarchical Instance Count        0 

Area
----
Cell Area                          123380.395
Physical Cell Area                 0.000
Total Cell Area (Cell+Physical)    123380.395
Net Area                           46638.117
Total Area (Cell+Physical+Net)     170018.512

Runtime                            0.0 seconds
Elapsed Runtime                    275 seconds
Genus peak memory usage            1603.33 
Innovus peak memory usage          no_value 
Hostname                           lab1-30.eng.utah.edu
