============================================================
  Generated by:           Genus(TM) Synthesis Solution 21.15-s080_1
  Generated on:           Nov 30 2025  04:09:22 pm
  Module:                 TopModule
  Operating conditions:   PVT_1P8V_25C 
  Interconnect mode:      global
  Area mode:              timing library
============================================================


Path 1: VIOLATED (-1692 ps) Setup Check with Pin csm_inst_right_reg_reg[0]/CLK->D
          Group: C2C
     Startpoint: (R) csm_inst_round_counter_reg[3]/CLK
          Clock: (R) clk
       Endpoint: (F) csm_inst_right_reg_reg[0]/D
          Clock: (R) clk

                     Capture       Launch     
        Clock Edge:+    1000            0     
       Src Latency:+       0            0     
       Net Latency:+       0 (I)        0 (I) 
           Arrival:=    1000            0     
                                              
             Setup:-     209                  
     Required Time:=     791                  
      Launch Clock:-       0                  
         Data Path:-    2483                  
             Slack:=   -1692                  

#-----------------------------------------------------------------------------------------------------------
#           Timing Point            Flags    Arc   Edge   Cell     Fanout Load Trans Delay Arrival Instance 
#                                                                         (fF)  (ps)  (ps)   (ps)  Location 
#-----------------------------------------------------------------------------------------------------------
  csm_inst_round_counter_reg[3]/CLK -       -      R     (arrival)    335    -     0     0       0    (-,-) 
  csm_inst_round_counter_reg[3]/Q   -       CLK->Q R     DFFQSRX1       1  8.1   136   193     193    (-,-) 
  g554/Z                            -       A->Z   F     INVX4          1 22.9    95    86     279    (-,-) 
  fopt146456/Z                      -       A->Z   R     INVX16         6 87.5    94    82     361    (-,-) 
  fopt146457/Z                      -       A->Z   F     INVX16        10 71.9    72    68     429    (-,-) 
  g147835/Z                         -       A->Z   R     NAND2X1        3 11.1   207   135     564    (-,-) 
  g147837/Z                         -       B->Z   F     NAND2X1        4 13.5   159   125     688    (-,-) 
  g147840/Z                         -       B->Z   F     MUX2X1         2  8.2    81   208     897    (-,-) 
  g141177/Z                         -       A->Z   R     NAND2X1        1  4.8   115    86     982    (-,-) 
  g141176/Z                         -       A->Z   R     AND2X1         1  5.3    95   104    1086    (-,-) 
  g141175/Z                         -       A->Z   F     NAND3X1        1  4.9    74    61    1147    (-,-) 
  g141248/Z                         -       A->Z   R     NAND2X1        1  4.8   114    83    1230    (-,-) 
  g141247/Z                         -       A->Z   F     NAND2X1        1  6.5    86    73    1303    (-,-) 
  g132301/Z                         -       A->Z   R     XOR2X1         1  8.1   149   173    1476    (-,-) 
  fopt137983/Z                      -       A->Z   F     INVX4          2 11.4    68    61    1537    (-,-) 
  fopt137979/Z                      -       A->Z   R     INVX4          5 20.3    89    74    1610    (-,-) 
  fopt137978/Z                      -       A->Z   F     INVX4          5 18.0    71    67    1678    (-,-) 
  g131688/Z                         -       B->Z   F     AND2X1         1  5.2    66   118    1796    (-,-) 
  g141752/Z                         -       A->Z   F     OR2X1          1  4.9    66   115    1911    (-,-) 
  g141751/Z                         -       A->Z   R     NAND2X1        1  4.8   114    81    1992    (-,-) 
  g141750/Z                         -       A->Z   F     NAND2X1        1  4.9    78    63    2055    (-,-) 
  g130661__2398/Z                   -       A->Z   R     NAND2X1        1  5.3   121    89    2144    (-,-) 
  g48/Z                             -       A->Z   F     NAND3X1        2  8.1   103    82    2226    (-,-) 
  g130449__5477/Z                   -       B->Z   F     OR2X1          1  4.9    66   110    2336    (-,-) 
  g130384__9945/Z                   -       A->Z   R     NAND2X1        1  5.3   129    85    2421    (-,-) 
  g130338__4319/Z                   -       A->Z   F     NAND3X1        1  4.4    78    62    2483    (-,-) 
  csm_inst_right_reg_reg[0]/D       -       -      F     DFFQSRX1       1    -     -     0    2483    (-,-) 
#-----------------------------------------------------------------------------------------------------------

