============================================================
  Generated by:           Genus(TM) Synthesis Solution 21.15-s080_1
  Generated on:           Nov 30 2025  04:07:04 pm
  Module:                 TopModule
  Operating conditions:   PVT_1P8V_25C 
  Interconnect mode:      global
  Area mode:              timing library
============================================================


Path 1: VIOLATED (-1847 ps) Setup Check with Pin csm_inst_right_reg_reg[11]/CLK->D
          Group: C2C
     Startpoint: (R) csm_inst_round_counter_reg[3]/CLK
          Clock: (R) clk
       Endpoint: (F) csm_inst_right_reg_reg[11]/D
          Clock: (R) clk

                     Capture       Launch     
        Clock Edge:+    1000            0     
       Src Latency:+       0            0     
       Net Latency:+       0 (I)        0 (I) 
           Arrival:=    1000            0     
                                              
             Setup:-     208                  
     Required Time:=     792                  
      Launch Clock:-       0                  
         Data Path:-    2639                  
             Slack:=   -1847                  

#-----------------------------------------------------------------------------------------------------------
#           Timing Point            Flags    Arc   Edge   Cell     Fanout Load Trans Delay Arrival Instance 
#                                                                         (fF)  (ps)  (ps)   (ps)  Location 
#-----------------------------------------------------------------------------------------------------------
  csm_inst_round_counter_reg[3]/CLK -       -      R     (arrival)    335    -     0     0       0    (-,-) 
  csm_inst_round_counter_reg[3]/Q   -       CLK->Q R     DFFQSRX1       1  8.1   136   193     193    (-,-) 
  fopt43/Z                          -       A->Z   F     INVX4          2 24.4    99    89     282    (-,-) 
  fopt42/Z                          -       A->Z   R     INVX8          3 25.9    69    64     346    (-,-) 
  fopt25/Z                          -       A->Z   F     INVX8          2 24.4    54    50     396    (-,-) 
  fopt20/Z                          -       A->Z   R     INVX8          4 27.2    63    54     450    (-,-) 
  fopt19/Z                          -       A->Z   F     INVX4          8 27.7    95    78     528    (-,-) 
  g135628/Z                         -       A->Z   R     NAND2X1        3 11.1   207   142     670    (-,-) 
  g135217/Z                         -       A->Z   F     NAND2X1        4 14.4   165   136     806    (-,-) 
  g134253/Z                         -       A->Z   F     MUX2X1         2  8.2    82   209    1016    (-,-) 
  g133622/Z                         -       A->Z   R     NAND2X1        1  4.8   128    86    1101    (-,-) 
  g133332/Z                         -       A->Z   F     NAND2X1        1  4.9    77    65    1166    (-,-) 
  g133075/Z                         -       A->Z   R     NAND2X1        1  5.2   124    88    1254    (-,-) 
  g132876/Z                         -       B->Z   F     NAND3X1        1  6.5    89    80    1334    (-,-) 
  g132310/Z                         -       S->Z   R     MUX2X1         1 13.0   209   227    1561    (-,-) 
  g132135/Z                         -       A->Z   F     INVX8         12 49.5   116   103    1664    (-,-) 
  g132128/Z                         -       A->Z   R     INVX8          6 21.0    66    61    1725    (-,-) 
  g131542/Z                         -       B->Z   R     AND2X1         3 11.2   181   152    1877    (-,-) 
  g131131__6417/Z                   -       B->Z   F     NOR2X1         1  5.2    94    88    1965    (-,-) 
  g130855__2883/Z                   -       C->Z   R     NAND3X1        1  4.8   155   134    2099    (-,-) 
  g130623__2883/Z                   -       B->Z   F     NAND2X1        1  4.9    95    68    2167    (-,-) 
  g130519__3680/Z                   -       A->Z   R     NAND2X1        1  4.8   117    90    2256    (-,-) 
  g130465__8246/Z                   -       A->Z   F     NAND2X1        1  5.3    79    66    2322    (-,-) 
  g130423__6260/Z                   -       B->Z   R     NOR2X1         2  8.9   161   115    2438    (-,-) 
  g130394/Z                         -       A->Z   F     INVX2          1  4.9    64    55    2493    (-,-) 
  g130348__7098/Z                   -       A->Z   R     NAND2X1        1  5.3   125    84    2577    (-,-) 
  g130305__6783/Z                   -       A->Z   F     NAND3X1        1  4.4    76    62    2639    (-,-) 
  csm_inst_right_reg_reg[11]/D      -       -      F     DFFQSRX1       1    -     -     0    2639    (-,-) 
#-----------------------------------------------------------------------------------------------------------

