

Working Directory = /home/u1425837/des-project/genus
QoS Summary for TopModule
==========================================================================================
Metric                          generic         map             syn_opt         final          
==========================================================================================
Slack (ps):                     5,665           3,260           3,260           3,260
  R2R (ps):                     5,665           3,260           3,260           3,260
  I2R (ps):                  no_value        no_value        no_value        no_value
  R2O (ps):                  no_value        no_value        no_value        no_value
  I2O (ps):                  no_value        no_value        no_value        no_value
  CG  (ps):                  no_value        no_value        no_value        no_value
TNS (ps):                           0               0               0               0
  R2R (ps):                         0               0               0               0
  I2R (ps):                  no_value        no_value        no_value        no_value
  R2O (ps):                  no_value        no_value        no_value        no_value
  I2O (ps):                  no_value        no_value        no_value        no_value
  CG  (ps):                  no_value        no_value        no_value        no_value
Failing Paths:                      0               0               0               0
Cell Area:                    128,969         149,337         149,203         149,203
Total Cell Area:              128,969         149,337         149,203         149,203
Leaf Instances:                 4,360           4,226           4,217           4,217
Total Instances:                4,360           4,226           4,217           4,217
Utilization (%):                 0.00            0.00            0.00            0.00
Tot. Net Length (um):        no_value        no_value        no_value        no_value
Avg. Net Length (um):        no_value        no_value        no_value        no_value
Route Overflow H (%):        no_value        no_value        no_value        no_value
Route Overflow V (%):        no_value        no_value        no_value        no_value
MBCI(%) (bits/gate) :            0.00            0.00            0.00            0.00
Norm Cong Hotspot Area:
  Max Cong:                  no_value        no_value        no_value        no_value
  Tot Cong:                  no_value        no_value        no_value        no_value
==========================================================================================
CPU  Runtime (h:m:s):        00:00:19        00:00:17        00:00:04        00:00:00
Real Runtime (h:m:s):        00:00:18        00:00:14        00:00:05        00:00:01
CPU  Elapsed (h:m:s):        00:00:22        00:00:39        00:00:43        00:00:44
Real Elapsed (h:m:s):        00:00:20        00:00:33        00:00:38        00:00:39
Memory (MB):                  1547.22         1565.64         1565.46         1567.47
==========================================================================================
==========================================================================================
Flow Settings:
==========================================================================================
Total Runtime (h:m:s): 00:00:38
Total Memory (MB):     1567.47
Executable Version:    21.15-s080_1
==========================================================================================
Total Cell Area =  Cell Area + Physical Cell Area
Total Instances =  Leaf Instances + Physical Instances


