============================================================
  Generated by:           Genus(TM) Synthesis Solution 21.15-s080_1
  Generated on:           Nov 30 2025  05:19:57 pm
  Module:                 TopModule
  Operating conditions:   PVT_1P8V_25C 
  Interconnect mode:      global
  Area mode:              timing library
============================================================

                                  Leakage  
  Gate    Instances     Area    Power (nW)       Library       
---------------------------------------------------------------
AND2X1          190    2822.792      6.820    sclib_tsmc180_tt 
BUFX1            14     177.262      0.572    sclib_tsmc180_tt 
DFFQSRX1        538   53145.790    169.703    sclib_tsmc180_tt 
DFFQX1           65    3248.700      9.509    sclib_tsmc180_tt 
INVX1             2      16.542      0.026    sclib_tsmc180_tt 
INVX2           167    1381.290      2.921    sclib_tsmc180_tt 
INVX4             9      94.198      0.224    sclib_tsmc180_tt 
MUX2X1          601   13193.152     37.748    sclib_tsmc180_tt 
NAND2X1        1637   20727.039     29.725    sclib_tsmc180_tt 
NAND3X1         394    6718.488      9.144    sclib_tsmc180_tt 
NOR2X1          389    4925.362     14.111    sclib_tsmc180_tt 
OR2X1           107    1589.678      5.440    sclib_tsmc180_tt 
XOR2X1          104    2510.560      9.377    sclib_tsmc180_tt 
---------------------------------------------------------------
total          4217  110550.854    295.321                     


                                             Leakage  Leakage 
     Type      Instances    Area    Area % Power (nW) Power % 
--------------------------------------------------------------
sequential           603  56394.490   51.0    179.213    60.7 
inverter             178   1492.030    1.3      3.171     1.1 
buffer                14    177.262    0.2      0.572     0.2 
logic               3422  52487.071   47.5    112.365    38.0 
physical_cells         0      0.000    0.0      0.000     0.0 
--------------------------------------------------------------
total               4217 110550.854  100.0    295.321   100.0 

