============================================================
  Generated by:           Genus(TM) Synthesis Solution 21.15-s080_1
  Generated on:           Nov 30 2025  05:19:52 pm
  Module:                 TopModule
  Operating conditions:   PVT_1P8V_25C 
  Interconnect mode:      global
  Area mode:              timing library
============================================================

                                  Leakage  
  Gate    Instances     Area    Power (nW)       Library       
---------------------------------------------------------------
AND2X1          186    2763.365      6.688    sclib_tsmc180_tt 
BUFX1            14     177.262      0.572    sclib_tsmc180_tt 
DFFQSRX1        538   53145.790    169.703    sclib_tsmc180_tt 
DFFQX1           65    3248.700      9.509    sclib_tsmc180_tt 
INVX2           175    1447.460      3.083    sclib_tsmc180_tt 
INVX4            10     104.664      0.244    sclib_tsmc180_tt 
MUX2X1          599   13149.248     37.621    sclib_tsmc180_tt 
NAND2X1        1640   20765.024     29.776    sclib_tsmc180_tt 
NAND3X1         396    6752.592      9.182    sclib_tsmc180_tt 
NOR2X1          389    4925.362     14.083    sclib_tsmc180_tt 
OR2X1           110    1634.248      5.566    sclib_tsmc180_tt 
XOR2X1          104    2510.560      9.377    sclib_tsmc180_tt 
---------------------------------------------------------------
total          4226  110624.276    295.405                     


                                             Leakage  Leakage 
     Type      Instances    Area    Area % Power (nW) Power % 
--------------------------------------------------------------
sequential           603  56394.490   51.0    179.213    60.7 
inverter             185   1552.124    1.4      3.327     1.1 
buffer                14    177.262    0.2      0.572     0.2 
logic               3424  52500.399   47.5    112.293    38.0 
physical_cells         0      0.000    0.0      0.000     0.0 
--------------------------------------------------------------
total               4226 110624.276  100.0    295.405   100.0 

