============================================================
  Generated by:           Genus(TM) Synthesis Solution 21.15-s080_1
  Generated on:           Nov 30 2025  05:19:52 pm
  Module:                 TopModule
  Operating conditions:   PVT_1P8V_25C 
  Interconnect mode:      global
  Area mode:              timing library
============================================================


Path 1: MET (3260 ps) Setup Check with Pin csm_inst_right_reg_reg[22]/CLK->D
          Group: C2C
     Startpoint: (R) csm_inst_round_counter_reg[0]/CLK
          Clock: (R) clk
       Endpoint: (R) csm_inst_right_reg_reg[22]/D
          Clock: (R) clk

                     Capture       Launch     
        Clock Edge:+   10000            0     
       Src Latency:+       0            0     
       Net Latency:+       0 (I)        0 (I) 
           Arrival:=   10000            0     
                                              
             Setup:-     213                  
     Required Time:=    9787                  
      Launch Clock:-       0                  
         Data Path:-    6527                  
             Slack:=    3260                  

#------------------------------------------------------------------------------------------------------------
#           Timing Point            Flags    Arc   Edge   Cell     Fanout  Load Trans Delay Arrival Instance 
#                                                                          (fF)  (ps)  (ps)   (ps)  Location 
#------------------------------------------------------------------------------------------------------------
  csm_inst_round_counter_reg[0]/CLK -       -      R     (arrival)    335     -     0     0       0    (-,-) 
  csm_inst_round_counter_reg[0]/Q   -       CLK->Q R     DFFQSRX1      17  83.6  1228   812     812    (-,-) 
  g63752/Z                          -       A->Z   F     INVX2          2  11.4   246   145     957    (-,-) 
  g63622/Z                          -       A->Z   R     NOR2X1        14  60.7   900   575    1532    (-,-) 
  g63402/Z                          -       A->Z   R     AND2X1        23  97.6  1430   871    2403    (-,-) 
  g63255/Z                          -       A->Z   R     BUFX1         24 102.1  1496   894    3296    (-,-) 
  g62775/Z                          -       A->Z   F     NAND2X1        1   6.8   275   107    3404    (-,-) 
  g62340/Z                          -       B->Z   R     NAND2X1        1   7.2   178   177    3581    (-,-) 
  g62084/Z                          -       A->Z   F     NOR2X1         1   7.3   124   120    3701    (-,-) 
  g61563/Z                          -       A->Z   R     NAND3X1        1   6.8   194   124    3826    (-,-) 
  g61144/Z                          -       A->Z   R     AND2X1         1   7.3   126   126    3952    (-,-) 
  g61076/Z                          -       B->Z   F     NOR2X1         1  12.8   172   125    4077    (-,-) 
  g60694/Z                          -       B->Z   R     XOR2X1        14  66.1   976   627    4704    (-,-) 
  g60680/Z                          -       A->Z   F     INVX2          3  15.6   252   173    4876    (-,-) 
  g60595/Z                          -       A->Z   R     NOR2X1         5  24.3   384   283    5159    (-,-) 
  g60540__8246/Z                    -       A->Z   F     NAND2X1        2  12.0   186   144    5303    (-,-) 
  g60479/Z                          -       A->Z   R     INVX2          2  11.0   120   111    5414    (-,-) 
  g60223__4733/Z                    -       A->Z   F     NAND2X1        1   7.3   162    79    5493    (-,-) 
  g59920__1705/Z                    -       A->Z   R     NAND3X1        1   7.7   198   144    5637    (-,-) 
  g59862/Z                          -       A->Z   F     INVX2          1   7.2    85    72    5709    (-,-) 
  g59682__8428/Z                    -       C->Z   R     NAND3X1        1   7.3   192   152    5862    (-,-) 
  g59633__8246/Z                    -       B->Z   F     NOR2X1         1   6.9   123   102    5964    (-,-) 
  g59628__3680/Z                    -       A->Z   R     NAND2X1        1  12.8   231   165    6129    (-,-) 
  g59588__2346/Z                    -       B->Z   R     XOR2X1         1   6.8   124   159    6288    (-,-) 
  g59548__5122/Z                    -       A->Z   F     NAND2X1        1   7.3   262    80    6368    (-,-) 
  g59531__2883/Z                    -       A->Z   R     NAND3X1        1   6.4   201   160    6527    (-,-) 
  csm_inst_right_reg_reg[22]/D      -       -      R     DFFQSRX1       1     -     -     0    6527    (-,-) 
#------------------------------------------------------------------------------------------------------------

