

Working Directory = /home/u1425837/des-project/genus
QoS Summary for TopModule
==========================================================================================
Metric                          generic         map             syn_opt         final          
==========================================================================================
Slack (ps):                    45,006          42,722          42,722          42,722
  R2R (ps):                    45,006          42,722          42,722          42,722
  I2R (ps):                  no_value        no_value        no_value        no_value
  R2O (ps):                  no_value        no_value        no_value        no_value
  I2O (ps):                  no_value        no_value        no_value        no_value
  CG  (ps):                  no_value        no_value        no_value        no_value
TNS (ps):                           0               0               0               0
  R2R (ps):                         0               0               0               0
  I2R (ps):                  no_value        no_value        no_value        no_value
  R2O (ps):                  no_value        no_value        no_value        no_value
  I2O (ps):                  no_value        no_value        no_value        no_value
  CG  (ps):                  no_value        no_value        no_value        no_value
Failing Paths:                      0               0               0               0
Cell Area:                    129,101         150,127         149,919         149,919
Total Cell Area:              129,101         150,127         149,919         149,919
Leaf Instances:                 4,366           4,223           4,207           4,207
Total Instances:                4,366           4,223           4,207           4,207
Utilization (%):                 0.00            0.00            0.00            0.00
Tot. Net Length (um):        no_value        no_value        no_value        no_value
Avg. Net Length (um):        no_value        no_value        no_value        no_value
Route Overflow H (%):        no_value        no_value        no_value        no_value
Route Overflow V (%):        no_value        no_value        no_value        no_value
MBCI(%) (bits/gate) :            0.00            0.00            0.00            0.00
Norm Cong Hotspot Area:
  Max Cong:                  no_value        no_value        no_value        no_value
  Tot Cong:                  no_value        no_value        no_value        no_value
==========================================================================================
CPU  Runtime (h:m:s):        00:00:19        00:00:16        00:00:04        00:00:00
Real Runtime (h:m:s):        00:00:18        00:00:13        00:00:04        00:00:01
CPU  Elapsed (h:m:s):        00:00:22        00:00:38        00:00:42        00:00:42
Real Elapsed (h:m:s):        00:00:19        00:00:32        00:00:37        00:00:37
Memory (MB):                  1548.02         1564.62         1565.44         1567.44
==========================================================================================
==========================================================================================
Flow Settings:
==========================================================================================
Total Runtime (h:m:s): 00:00:37
Total Memory (MB):     1567.44
Executable Version:    21.15-s080_1
==========================================================================================
Total Cell Area =  Cell Area + Physical Cell Area
Total Instances =  Leaf Instances + Physical Instances


