============================================================
  Generated by:           Genus(TM) Synthesis Solution 21.15-s080_1
  Generated on:           Nov 30 2025  05:17:58 pm
  Module:                 TopModule
  Operating conditions:   PVT_1P8V_25C 
  Interconnect mode:      global
  Area mode:              timing library
============================================================

Timing
--------

Clock  Period 
--------------
clk   50000.0 


  Cost    Critical         Violating 
 Group   Path Slack  TNS     Paths   
-------------------------------------
C2C         45005.7   0.0          0 
C2O        No paths   0.0            
clk        No paths   0.0            
default    No paths   0.0            
I2C        No paths   0.0            
I2O        No paths   0.0            
-------------------------------------
Total                 0.0          0 

Instance Count
--------------
Leaf Instance Count             4366 
Physical Instance count            0 
Sequential Instance Count        603 
Combinational Instance Count    3763 
Hierarchical Instance Count        0 

Area
----
Cell Area                          129094.672
Physical Cell Area                 0.000
Total Cell Area (Cell+Physical)    129094.672
Net Area                           6.085
Total Area (Cell+Physical+Net)     129100.757

Runtime                            0.0 seconds
Elapsed Runtime                    23 seconds
Genus peak memory usage            1550.02 
Innovus peak memory usage          no_value 
Hostname                           lab1-30.eng.utah.edu
