============================================================
  Generated by:           Genus(TM) Synthesis Solution 21.15-s080_1
  Generated on:           Nov 30 2025  05:17:43 pm
  Module:                 TopModule
  Operating conditions:   PVT_1P8V_25C 
  Interconnect mode:      global
  Area mode:              timing library
============================================================

Some unconstrained paths have not been displayed.
Use -unconstrained or set the root attribute 'timing_report_unconstrained' to 'true' to see only these unconstrained paths.

============================================================
  Generated by:           Genus(TM) Synthesis Solution 21.15-s080_1
  Generated on:           Nov 30 2025  05:17:43 pm
  Module:                 TopModule
  Operating conditions:   PVT_1P8V_25C 
  Interconnect mode:      global
  Area mode:              timing library
============================================================

No paths found

============================================================
  Generated by:           Genus(TM) Synthesis Solution 21.15-s080_1
  Generated on:           Nov 30 2025  05:17:43 pm
  Module:                 TopModule
  Operating conditions:   PVT_1P8V_25C 
  Interconnect mode:      global
  Area mode:              timing library
============================================================

No paths found

============================================================
  Generated by:           Genus(TM) Synthesis Solution 21.15-s080_1
  Generated on:           Nov 30 2025  05:17:43 pm
  Module:                 TopModule
  Operating conditions:   PVT_1P8V_25C 
  Interconnect mode:      global
  Area mode:              timing library
============================================================

No paths found

============================================================
  Generated by:           Genus(TM) Synthesis Solution 21.15-s080_1
  Generated on:           Nov 30 2025  05:17:43 pm
  Module:                 TopModule
  Operating conditions:   PVT_1P8V_25C 
  Interconnect mode:      global
  Area mode:              timing library
============================================================


Path 1: MET (41397 ps) Setup Check with Pin csm_inst/right_reg_reg[31]/clk->d
          Group: C2C
     Startpoint: (R) key_reg_reg[20]/clk
          Clock: (R) clk
       Endpoint: (R) csm_inst/right_reg_reg[31]/d
          Clock: (R) clk

                     Capture       Launch     
        Clock Edge:+   50000            0     
       Src Latency:+       0            0     
       Net Latency:+       0 (I)        0 (I) 
           Arrival:=   50000            0     
                                              
             Setup:-     204                  
     Required Time:=   49796                  
      Launch Clock:-       0                  
         Data Path:-    8399                  
             Slack:=   41397                  

#------------------------------------------------------------------------------------------------------------------------------------------
#                     Timing Point                       Flags     Arc     Edge      Cell        Fanout  Load Trans Delay Arrival Instance 
#                                                                                                        (fF)  (ps)  (ps)   (ps)  Location 
#------------------------------------------------------------------------------------------------------------------------------------------
  key_reg_reg[20]/clk                                    -       -         R     (arrival)          343     -     0     0       0    (-,-) 
  key_reg_reg[20]/q                                      (u)     clk->q    R     unmapped_d_flop      2   8.0     0   303     303    (-,-) 
  csm_inst/keygen_inst/ls_c1/mux_37_18/g3/z              (u)     data1->z  R     unmapped_bmux3       4  16.0     0   279     582    (-,-) 
  csm_inst/keygen_inst/ls_c2/mux_37_18/g4/z              (u)     data1->z  R     unmapped_bmux3       2   8.0     0   233     815    (-,-) 
  csm_inst/keygen_inst/ls_c3/mux_37_18/g6/z              (u)     data0->z  R     unmapped_bmux3       4  16.0     0   279    1094    (-,-) 
  csm_inst/keygen_inst/ls_c4/mux_37_18/g8/z              (u)     data0->z  R     unmapped_bmux3       4  16.0     0   279    1372    (-,-) 
  csm_inst/keygen_inst/ls_c5/mux_37_18/g10/z             (u)     data0->z  R     unmapped_bmux3       4  16.0     0   279    1651    (-,-) 
  csm_inst/keygen_inst/ls_c6/mux_37_18/g12/z             (u)     data0->z  R     unmapped_bmux3       4  16.0     0   279    1929    (-,-) 
  csm_inst/keygen_inst/ls_c7/mux_37_18/g14/z             (u)     data0->z  R     unmapped_bmux3       4  16.0     0   279    2208    (-,-) 
  csm_inst/keygen_inst/ls_c8/mux_37_18/g16/z             (u)     data0->z  R     unmapped_bmux3       4  16.0     0   279    2487    (-,-) 
  csm_inst/keygen_inst/ls_c9/mux_37_18/g17/z             (u)     data1->z  R     unmapped_bmux3       4  16.0     0   279    2765    (-,-) 
  csm_inst/keygen_inst/ls_c10/mux_37_18/g19/z            (u)     data0->z  R     unmapped_bmux3       4  16.0     0   279    3044    (-,-) 
  csm_inst/keygen_inst/ls_c11/mux_37_18/g21/z            (u)     data0->z  R     unmapped_bmux3       4  16.0     0   279    3322    (-,-) 
  csm_inst/keygen_inst/ls_c12/mux_37_18/g23/z            (u)     data0->z  R     unmapped_bmux3       4  16.0     0   279    3601    (-,-) 
  csm_inst/keygen_inst/ls_c13/mux_37_18/g25/z            (u)     data0->z  R     unmapped_bmux3       4  16.0     0   279    3880    (-,-) 
  csm_inst/keygen_inst/ls_c14/mux_37_18/g27/z            (u)     data0->z  R     unmapped_bmux3       4  16.0     0   279    4158    (-,-) 
  csm_inst/keygen_inst/ls_c15/mux_37_18/g1/z             (u)     data0->z  R     unmapped_bmux3       4  16.0     0   279    4437    (-,-) 
  csm_inst/keygen_inst/ls_c16/mux_37_18/g2/z             (u)     data1->z  R     unmapped_bmux3       2   8.0     0   233    4670    (-,-) 
  csm_inst/mux_87_37/g21/z                               (u)     data0->z  R     unmapped_bmux3       1   4.0     0   190    4860    (-,-) 
  csm_inst/mux_current_subkey_71_15/g21/z                (u)     data15->z R     unmapped_bmux20      1   4.0     0   575    5435    (-,-) 
  csm_inst/f_inst/g1/g28/z                               (u)     in_1->z   F     unmapped_xor2        9  36.0     0   320    5755    (-,-) 
  csm_inst/f_inst/sbox_inst/sbox4/ctl_5_29/g195/z        (u)     in_0->z   R     unmapped_not         8  32.0     0   202    5957    (-,-) 
  csm_inst/f_inst/sbox_inst/sbox4/ctl_5_29/g157/z        (u)     in_2->z   F     unmapped_nand4       4  16.0     0   354    6311    (-,-) 
  csm_inst/f_inst/sbox_inst/sbox4/ctl_5_29/g168/z        (u)     in_1->z   R     unmapped_nor2       32 128.0     0   319    6630    (-,-) 
  csm_inst/f_inst/sbox_inst/sbox4/mux_cmbsop__5_29/g16/z (u)     sel55->z  R     unmapped_mux128      1   4.0     0   950    7579    (-,-) 
  csm_inst/f_inst/sbox_inst/sbox4/mux_s_out_174_17/g4/z  (u)     data3->z  R     unmapped_bmux11      1   4.0     0   447    8026    (-,-) 
  csm_inst/g1/g32/z                                      (u)     in_1->z   R     unmapped_xor2        1   4.0     0   190    8216    (-,-) 
  csm_inst/mux_right_reg_104_19/g1/z                     (u)     data1->z  R     unmapped_mux4        1   4.0     0   183    8399    (-,-) 
  csm_inst/right_reg_reg[31]/d                           -       -         R     unmapped_d_flop      1     -     -     0    8399    (-,-) 
#------------------------------------------------------------------------------------------------------------------------------------------

(u) : Net has unmapped pin(s).

============================================================
  Generated by:           Genus(TM) Synthesis Solution 21.15-s080_1
  Generated on:           Nov 30 2025  05:17:44 pm
  Module:                 TopModule
  Operating conditions:   PVT_1P8V_25C 
  Interconnect mode:      global
  Area mode:              timing library
============================================================

No paths found

