

Working Directory = /home/u1425837/des-project/genus
QoS Summary for TopModule
==========================================================================================
Metric                          generic         map             syn_opt         final          
==========================================================================================
Slack (ps):                    -5,437          -4,330          -4,079          -4,079
  R2R (ps):                    -5,437          -4,330          -4,079          -4,079
  I2R (ps):                  no_value        no_value        no_value        no_value
  R2O (ps):                  no_value        no_value        no_value        no_value
  I2O (ps):                  no_value        no_value        no_value        no_value
  CG  (ps):                  no_value        no_value        no_value        no_value
TNS (ps):                    -278,545        -247,861        -233,647        -233,647
  R2R (ps):                  -278,545        -247,861        -233,647        -233,647
  I2R (ps):                  no_value        no_value        no_value        no_value
  R2O (ps):                  no_value        no_value        no_value        no_value
  I2O (ps):                  no_value        no_value        no_value        no_value
  CG  (ps):                  no_value        no_value        no_value        no_value
Failing Paths:                    142             142             142             142
Cell Area:                    116,719         136,863         141,746         141,746
Total Cell Area:              116,719         136,863         141,746         141,746
Leaf Instances:                 4,309           4,574           4,736           4,736
Total Instances:                4,309           4,574           4,736           4,736
Utilization (%):                 0.00            0.00            0.00            0.00
Tot. Net Length (um):        no_value        no_value        no_value        no_value
Avg. Net Length (um):        no_value        no_value        no_value        no_value
Route Overflow H (%):        no_value        no_value        no_value        no_value
Route Overflow V (%):        no_value        no_value        no_value        no_value
MBCI(%) (bits/gate) :            0.00            0.00            0.00            0.00
Norm Cong Hotspot Area:
  Max Cong:                  no_value        no_value        no_value        no_value
  Tot Cong:                  no_value        no_value        no_value        no_value
==========================================================================================
CPU  Runtime (h:m:s):        00:01:21        00:00:36        00:02:40        00:00:00
Real Runtime (h:m:s):        00:01:19        00:00:32        00:02:41        00:00:01
CPU  Elapsed (h:m:s):        00:01:24        00:02:00        00:04:40        00:04:40
Real Elapsed (h:m:s):        00:01:21        00:01:52        00:04:33        00:04:34
Memory (MB):                  1627.67         1634.11         1633.93         1635.94
==========================================================================================
==========================================================================================
Flow Settings:
==========================================================================================
Total Runtime (h:m:s): 00:04:33
Total Memory (MB):     1635.94
Executable Version:    21.15-s080_1
==========================================================================================
Total Cell Area =  Cell Area + Physical Cell Area
Total Instances =  Leaf Instances + Physical Instances


