============================================================
  Generated by:           Genus(TM) Synthesis Solution 21.15-s080_1
  Generated on:           Nov 22 2025  03:40:32 pm
  Module:                 top_pad
  Operating conditions:   PVT_1P8V_25C 
  Interconnect mode:      global
  Area mode:              timing library
============================================================

                                  Leakage  
  Gate    Instances     Area    Power (nW)       Library       
---------------------------------------------------------------
AND2X1          225    3342.780      7.646    sclib_tsmc180_tt 
DFFQSRX1        533   52651.870    167.973    sclib_tsmc180_tt 
INVX2           198    1637.698      3.588    sclib_tsmc180_tt 
INVX4             6      62.798      0.131    sclib_tsmc180_tt 
MUX2X1          482   10580.864     31.848    sclib_tsmc180_tt 
NAND2X1        1477   18701.183     27.408    sclib_tsmc180_tt 
NAND3X1         480    8184.960     11.026    sclib_tsmc180_tt 
NOR2X1          402    5089.963     12.902    sclib_tsmc180_tt 
OR2X1           215    3194.212     11.322    sclib_tsmc180_tt 
XOR2X1           96    2317.440      8.661    sclib_tsmc180_tt 
---------------------------------------------------------------
total          4114  105763.769    282.506                     


                                             Leakage  Leakage 
     Type      Instances    Area    Area % Power (nW) Power % 
--------------------------------------------------------------
sequential           533  52651.870   49.8    167.973    59.5 
inverter             204   1700.496    1.6      3.719     1.3 
unresolved             6      0.000    0.0      0.000     0.0 
logic               3377  51411.402   48.6    110.813    39.2 
physical_cells         0      0.000    0.0      0.000     0.0 
--------------------------------------------------------------
total               4120 105763.769  100.0    282.506   100.0 

