============================================================
  Generated by:           Genus(TM) Synthesis Solution 21.15-s080_1
  Generated on:           Nov 22 2025  03:40:16 pm
  Module:                 top_pad
  Operating conditions:   PVT_1P8V_25C 
  Interconnect mode:      global
  Area mode:              timing library
============================================================

Timing
--------

Clock Period 
-------------
clk   1000.0 


  Cost    Critical         Violating 
 Group   Path Slack  TNS     Paths   
-------------------------------------
C2C        No paths   0.0            
C2O        No paths   0.0            
clk        No paths   0.0            
default    No paths   0.0            
I2C        No paths   0.0            
I2O        No paths   0.0            
-------------------------------------
Total                 0.0          0 

Instance Count
--------------
Leaf Instance Count             5532 
Physical Instance count            0 
Sequential Instance Count        533 
Combinational Instance Count    4999 
Hierarchical Instance Count        7 

Area
----
Cell Area                          150944.000
Physical Cell Area                 0.000
Total Cell Area (Cell+Physical)    150944.000
Net Area                           42.596
Total Area (Cell+Physical+Net)     150986.596

Runtime                            0.0 seconds
Elapsed Runtime                    26 seconds
Genus peak memory usage            1666.74 
Innovus peak memory usage          no_value 
Hostname                           lab1-30.eng.utah.edu
