============================================================
  Generated by:           Genus(TM) Synthesis Solution 21.15-s080_1
  Generated on:           Nov 22 2025  03:40:27 pm
  Module:                 top_pad
  Operating conditions:   PVT_1P8V_25C 
  Interconnect mode:      global
  Area mode:              timing library
============================================================

                                  Leakage  
  Gate    Instances     Area    Power (nW)       Library       
---------------------------------------------------------------
AND2X1          228    3387.350      7.719    sclib_tsmc180_tt 
DFFQSRX1        533   52651.870    167.973    sclib_tsmc180_tt 
INVX2           207    1712.138      3.768    sclib_tsmc180_tt 
INVX4             6      62.798      0.131    sclib_tsmc180_tt 
MUX2X1          482   10580.864     31.834    sclib_tsmc180_tt 
NAND2X1        1490   18865.784     27.649    sclib_tsmc180_tt 
NAND3X1         473    8065.596     10.885    sclib_tsmc180_tt 
NOR2X1          406    5140.610     13.120    sclib_tsmc180_tt 
OR2X1           209    3105.071     10.928    sclib_tsmc180_tt 
XOR2X1           96    2317.440      8.661    sclib_tsmc180_tt 
---------------------------------------------------------------
total          4130  105889.522    282.668                     


                                             Leakage  Leakage 
     Type      Instances    Area    Area % Power (nW) Power % 
--------------------------------------------------------------
sequential           533  52651.870   49.7    167.973    59.4 
inverter             213   1774.937    1.7      3.899     1.4 
unresolved             6      0.000    0.0      0.000     0.0 
logic               3384  51462.715   48.6    110.796    39.2 
physical_cells         0      0.000    0.0      0.000     0.0 
--------------------------------------------------------------
total               4136 105889.522  100.0    282.668   100.0 

