============================================================
  Generated by:           Genus(TM) Synthesis Solution 21.15-s080_1
  Generated on:           Nov 30 2025  08:08:35 pm
  Module:                 TopModule
  Operating conditions:   PVT_1P8V_25C 
  Interconnect mode:      global
  Area mode:              timing library
============================================================

Timing
--------

Clock Period 
-------------
clk   6000.0 


  Cost    Critical             Violating 
 Group   Path Slack    TNS       Paths   
-----------------------------------------
C2C          -354.2   -5278.4         32 
C2O        No paths       0.0            
clk        No paths       0.0            
default    No paths       0.0            
I2C        No paths       0.0            
I2O        No paths       0.0            
-----------------------------------------
Total                 -5278.4         32 

Instance Count
--------------
Leaf Instance Count             4790 
Physical Instance count            0 
Sequential Instance Count        536 
Combinational Instance Count    4254 
Hierarchical Instance Count        0 

Area
----
Cell Area                          134746.687
Physical Cell Area                 0.000
Total Cell Area (Cell+Physical)    134746.687
Net Area                           6.085
Total Area (Cell+Physical+Net)     134752.772

Runtime                            0.0 seconds
Elapsed Runtime                    34 seconds
Genus peak memory usage            1582.50 
Innovus peak memory usage          no_value 
Hostname                           lab2-30.eng.utah.edu
