============================================================
  Generated by:           Genus(TM) Synthesis Solution 21.15-s080_1
  Generated on:           Nov 30 2025  08:08:50 pm
  Module:                 TopModule
  Operating conditions:   PVT_1P8V_25C 
  Interconnect mode:      global
  Area mode:              timing library
============================================================

                                  Leakage  
  Gate    Instances     Area    Power (nW)       Library       
---------------------------------------------------------------
AND2X1          214    3179.355      7.824    sclib_tsmc180_tt 
BUFX1           134    1696.654      5.475    sclib_tsmc180_tt 
DFFQSRX1        536   52948.222    169.477    sclib_tsmc180_tt 
INVX1             1       8.271      0.032    sclib_tsmc180_tt 
INVX16            4     112.112      0.233    sclib_tsmc180_tt 
INVX2           661    5467.263     11.624    sclib_tsmc180_tt 
INVX4           124    1297.834      2.728    sclib_tsmc180_tt 
INVX8            30     511.560      1.028    sclib_tsmc180_tt 
MUX2X1          438    9614.976     27.848    sclib_tsmc180_tt 
NAND2X1        2074   26260.158     37.990    sclib_tsmc180_tt 
NAND3X1         464    7912.128     11.081    sclib_tsmc180_tt 
NOR2X1          344    4355.590     12.730    sclib_tsmc180_tt 
OR2X1           113    1678.818      5.579    sclib_tsmc180_tt 
XOR2X1           72    1738.080      6.500    sclib_tsmc180_tt 
---------------------------------------------------------------
total          5209  116781.023    300.150                     


                                             Leakage  Leakage 
     Type      Instances    Area    Area % Power (nW) Power % 
--------------------------------------------------------------
sequential           536  52948.222   45.3    169.477    56.5 
inverter             820   7397.040    6.3     15.646     5.2 
buffer               134   1696.654    1.5      5.475     1.8 
logic               3719  54739.106   46.9    109.552    36.5 
physical_cells         0      0.000    0.0      0.000     0.0 
--------------------------------------------------------------
total               5209 116781.023  100.0    300.150   100.0 

