============================================================
  Generated by:           Genus(TM) Synthesis Solution 21.15-s080_1
  Generated on:           Nov 30 2025  08:08:59 pm
  Module:                 TopModule
  Operating conditions:   PVT_1P8V_25C 
  Interconnect mode:      global
  Area mode:              timing library
============================================================

                                  Leakage  
  Gate    Instances     Area    Power (nW)       Library       
---------------------------------------------------------------
AND2X1          226    3357.637      8.210    sclib_tsmc180_tt 
BUFX1            18     227.909      0.735    sclib_tsmc180_tt 
DFFQSRX1        536   52948.222    169.477    sclib_tsmc180_tt 
INVX1             2      16.542      0.052    sclib_tsmc180_tt 
INVX16           11     308.308      0.665    sclib_tsmc180_tt 
INVX2           196    1621.155      3.437    sclib_tsmc180_tt 
INVX32            4     199.920      0.443    sclib_tsmc180_tt 
INVX4            79     826.846      1.781    sclib_tsmc180_tt 
INVX8            28     477.456      0.960    sclib_tsmc180_tt 
MUX2X1          423    9285.696     26.859    sclib_tsmc180_tt 
NAND2X1        2054   26006.926     37.627    sclib_tsmc180_tt 
NAND3X1         465    7929.180     11.103    sclib_tsmc180_tt 
NOR2X1          333    4216.313     12.326    sclib_tsmc180_tt 
OR2X1           128    1901.670      6.449    sclib_tsmc180_tt 
XOR2X1           87    2100.180      7.868    sclib_tsmc180_tt 
---------------------------------------------------------------
total          4590  111423.961    287.993                     


                                             Leakage  Leakage 
     Type      Instances    Area    Area % Power (nW) Power % 
--------------------------------------------------------------
sequential           536  52948.222   47.5    169.477    58.8 
inverter             320   3450.227    3.1      7.338     2.5 
buffer                18    227.909    0.2      0.735     0.3 
logic               3716  54797.602   49.2    110.443    38.3 
physical_cells         0      0.000    0.0      0.000     0.0 
--------------------------------------------------------------
total               4590 111423.961  100.0    287.993   100.0 

