============================================================
  Generated by:           Genus(TM) Synthesis Solution 21.15-s080_1
  Generated on:           Nov 30 2025  08:08:58 pm
  Module:                 TopModule
  Operating conditions:   PVT_1P8V_25C 
  Interconnect mode:      global
  Area mode:              timing library
============================================================

Timing
--------

Clock Period 
-------------
clk   6000.0 


  Cost    Critical         Violating 
 Group   Path Slack  TNS     Paths   
-------------------------------------
C2C             0.0   0.0          0 
C2O        No paths   0.0            
clk        No paths   0.0            
default    No paths   0.0            
I2C        No paths   0.0            
I2O        No paths   0.0            
-------------------------------------
Total                 0.0          0 

Instance Count
--------------
Leaf Instance Count             4590 
Physical Instance count            0 
Sequential Instance Count        536 
Combinational Instance Count    4054 
Hierarchical Instance Count        0 

Area
----
Cell Area                          111423.961
Physical Cell Area                 0.000
Total Cell Area (Cell+Physical)    111423.961
Net Area                           41585.329
Total Area (Cell+Physical+Net)     153009.290

Runtime                            0.0 seconds
Elapsed Runtime                    57 seconds
Genus peak memory usage            1583.48 
Innovus peak memory usage          no_value 
Hostname                           lab2-30.eng.utah.edu
