============================================================
  Generated by:           Genus(TM) Synthesis Solution 21.15-s080_1
  Generated on:           Nov 30 2025  08:08:59 pm
  Module:                 TopModule
  Operating conditions:   PVT_1P8V_25C 
  Interconnect mode:      global
  Area mode:              timing library
============================================================


Path 1: MET (0 ps) Setup Check with Pin csm_inst_right_reg_reg[21]/CLK->D
          Group: C2C
     Startpoint: (R) csm_inst_round_counter_reg[2]/CLK
          Clock: (R) clk
       Endpoint: (F) csm_inst_right_reg_reg[21]/D
          Clock: (R) clk

                     Capture       Launch     
        Clock Edge:+    6000            0     
       Src Latency:+       0            0     
       Net Latency:+       0 (I)        0 (I) 
           Arrival:=    6000            0     
                                              
             Setup:-     458                  
       Uncertainty:-    2000                  
     Required Time:=    3542                  
      Launch Clock:-       0                  
         Data Path:-    3542                  
             Slack:=       0                  

#-----------------------------------------------------------------------------------------------------------
#           Timing Point            Flags    Arc   Edge   Cell     Fanout Load Trans Delay Arrival Instance 
#                                                                         (fF)  (ps)  (ps)   (ps)  Location 
#-----------------------------------------------------------------------------------------------------------
  csm_inst_round_counter_reg[2]/CLK -       -      R     (arrival)    536    -  2000     0       0    (-,-) 
  csm_inst_round_counter_reg[2]/Q   -       CLK->Q R     DFFQSRX1       1 10.1   165   259     259    (-,-) 
  g85095/Z                          -       A->Z   F     INVX4          7 36.2   135   120     379    (-,-) 
  g85090/Z                          -       A->Z   R     INVX4          2 11.5    74    69     448    (-,-) 
  g84957/Z                          -       A->Z   F     NAND2X1        1 10.1   113    85     534    (-,-) 
  g84886/Z                          -       A->Z   R     INVX4          3 18.4    90    82     615    (-,-) 
  g85959/Z                          -       A->Z   R     AND2X1         9 40.0   596   387    1002    (-,-) 
  g83930/Z                          -       A->Z   F     NAND2X1        1  6.8   170   108    1110    (-,-) 
  g83486/Z                          -       B->Z   R     NAND2X1        1  7.3   158   148    1258    (-,-) 
  g83354/Z                          -       B->Z   F     NOR2X1         1  7.3   119    99    1357    (-,-) 
  g82571/Z                          -       A->Z   R     NAND3X1        1  6.8   184   123    1480    (-,-) 
  g82438/Z                          -       A->Z   F     NAND2X1        1  6.9   105    87    1567    (-,-) 
  g82081/Z                          -       A->Z   R     NAND2X1        1 12.8   231   159    1726    (-,-) 
  g85851/Z                          -       B->Z   R     XOR2X1         1  7.7   136   166    1893    (-,-) 
  g81454/Z                          -       A->Z   F     INVX2          4 23.4   153   126    2019    (-,-) 
  g81243/Z                          -       B->Z   F     AND2X1         1  7.2    84   154    2173    (-,-) 
  g81110__6783/Z                    -       A->Z   R     NOR2X1         4 23.5   367   247    2420    (-,-) 
  g81008/Z                          -       A->Z   F     INVX4          3 15.7   118    95    2515    (-,-) 
  g80861__5107/Z                    -       A->Z   R     NAND2X1        2 12.4   230   160    2675    (-,-) 
  g80465__2883/Z                    -       A->Z   F     NAND3X1        1  6.9   115    89    2764    (-,-) 
  g80319__7482/Z                    -       A->Z   R     NAND2X1        1  6.8   144   113    2876    (-,-) 
  g80270__8246/Z                    -       A->Z   F     NAND2X1        1  6.9   108    80    2957    (-,-) 
  g80232__6260/Z                    -       A->Z   R     NAND2X1        1  7.3   154   115    3072    (-,-) 
  g80227__5477/Z                    -       A->Z   F     NAND3X1        1  8.5   113    90    3162    (-,-) 
  g80177__2398/Z                    -       A->Z   R     XOR2X1         1  7.3   141   173    3335    (-,-) 
  g80134__5115/Z                    -       B->Z   R     OR2X1          1  7.3   126   134    3468    (-,-) 
  g80123__9315/Z                    -       A->Z   F     NAND3X1        1  6.4   108    73    3542    (-,-) 
  csm_inst_right_reg_reg[21]/D      -       -      F     DFFQSRX1       1    -     -     0    3542    (-,-) 
#-----------------------------------------------------------------------------------------------------------

