============================================================
  Generated by:           Genus(TM) Synthesis Solution 21.15-s080_1
  Generated on:           Nov 30 2025  08:08:50 pm
  Module:                 TopModule
  Operating conditions:   PVT_1P8V_25C 
  Interconnect mode:      global
  Area mode:              timing library
============================================================


Path 1: MET (0 ps) Setup Check with Pin csm_inst_right_reg_reg[8]/CLK->D
          Group: C2C
     Startpoint: (R) csm_inst_round_counter_reg[3]/CLK
          Clock: (R) clk
       Endpoint: (F) csm_inst_right_reg_reg[8]/D
          Clock: (R) clk

                     Capture       Launch     
        Clock Edge:+    6000            0     
       Src Latency:+       0            0     
       Net Latency:+       0 (I)        0 (I) 
           Arrival:=    6000            0     
                                              
             Setup:-     459                  
       Uncertainty:-    2000                  
     Required Time:=    3541                  
      Launch Clock:-       0                  
         Data Path:-    3540                  
             Slack:=       0                  

#-----------------------------------------------------------------------------------------------------------
#           Timing Point            Flags    Arc   Edge   Cell     Fanout Load Trans Delay Arrival Instance 
#                                                                         (fF)  (ps)  (ps)   (ps)  Location 
#-----------------------------------------------------------------------------------------------------------
  csm_inst_round_counter_reg[3]/CLK -       -      R     (arrival)    536    -  2000     0       0    (-,-) 
  csm_inst_round_counter_reg[3]/Q   -       CLK->Q R     DFFQSRX1       1 10.1   165   259     259    (-,-) 
  g85171/Z                          -       A->Z   F     INVX4          2 27.4   113   101     360    (-,-) 
  g85131/Z                          -       A->Z   R     INVX8          2 37.3    89    81     441    (-,-) 
  g85130/Z                          -       A->Z   F     INVX8          2 17.6    49    47     488    (-,-) 
  g85129/Z                          -       A->Z   R     INVX4          4 21.1    91    70     558    (-,-) 
  g85128/Z                          -       A->Z   F     INVX2          2 12.0    85    75     633    (-,-) 
  g85127/Z                          -       A->Z   R     INVX2          2 11.0    99    84     717    (-,-) 
  g85053/Z                          -       A->Z   F     NAND2X1        3 15.2   169   118     835    (-,-) 
  g84790/Z                          -       A->Z   R     NAND2X1        2 10.6   202   162     997    (-,-) 
  g84584/Z                          -       A->Z   R     BUFX1          3 15.1   236   183    1180    (-,-) 
  g84189/Z                          -       B->Z   F     NAND2X1        1  6.8   102    86    1266    (-,-) 
  g83622/Z                          -       B->Z   R     NAND2X1        1  7.2   150   125    1392    (-,-) 
  g83440/Z                          -       A->Z   F     NOR2X1         1  7.3   119   113    1505    (-,-) 
  g82772/Z                          -       A->Z   R     NAND3X1        1  6.8   185   123    1628    (-,-) 
  g82539/Z                          -       A->Z   F     NAND2X1        1  7.3   109    90    1718    (-,-) 
  g82107/Z                          -       A->Z   R     NAND3X1        1  8.5   210   134    1852    (-,-) 
  g81715/Z                          -       S->Z   R     MUX2X1         1  7.7   134   148    2000    (-,-) 
  g81447/Z                          -       A->Z   F     INVX2          4 21.1   141   118    2118    (-,-) 
  g81446/Z                          -       A->Z   R     INVX2          4 22.1   184   149    2266    (-,-) 
  g81441/Z                          -       A->Z   F     INVX2          2 17.5   133   118    2384    (-,-) 
  g81142__2346/Z                    -       B->Z   R     NOR2X1         2 11.0   195   148    2532    (-,-) 
  g80918__5107/Z                    -       A->Z   F     NAND2X1        1  7.2   110    90    2622    (-,-) 
  g80627__9945/Z                    -       C->Z   R     NAND3X1        1  6.8   185   156    2779    (-,-) 
  g80369__2802/Z                    -       A->Z   F     NAND2X1        1  7.2   130    89    2868    (-,-) 
  g80286__7098/Z                    -       B->Z   R     NAND3X1        1  7.3   192   151    3019    (-,-) 
  g80238__2398/Z                    -       B->Z   F     NOR2X1         1 12.8   170   140    3159    (-,-) 
  g80203__9315/Z                    -       B->Z   F     XOR2X1         1  6.9    97   185    3344    (-,-) 
  g80166__1666/Z                    -       A->Z   R     NAND2X1        1  7.3   228   111    3455    (-,-) 
  g80147__1881/Z                    -       A->Z   F     NAND3X1        1  6.4   111    85    3540    (-,-) 
  csm_inst_right_reg_reg[8]/D       -       -      F     DFFQSRX1       1    -     -     0    3540    (-,-) 
#-----------------------------------------------------------------------------------------------------------

