

==================================================================================
=== CALIBRE::DRC-H SUMMARY REPORT
===
Execution Date/Time:       Wed Nov 26 13:39:56 2025
Calibre Version:           v2021.2_37.20    Tue Jun 1 14:42:29 PDT 2021
Rule File Pathname:        /home/u1425837/des-project/virtuoso/calibre/drc/_CLM18_LM16_LM152_6M_fullchip.215a_
Rule File Title:           
Layout System:             GDS
Layout Path(s):            top_pad_poly_metal.calibre.db
Layout Primary Cell:       top_pad_poly_metal
Current Directory:         /home/u1425837/des-project/virtuoso/calibre/drc
User Name:                 u1425837
Maximum Results/RuleCheck: ALL
Maximum Result Vertices:   4096
DRC Results Database:      top_pad_poly_metal.drc.results (ASCII)
Layout Depth:              ALL
Text Depth:                PRIMARY
Summary Report File:       top_pad_poly_metal.drc.summary (REPLACE)
Geometry Flagging:         ACUTE = YES  SKEW = YES  ANGLED = NO  OFFGRID = YES
                           NONSIMPLE POLYGON = YES  NONSIMPLE PATH = YES
Excluded Cells:           
CheckText Mapping:         ALL TEXT
Layers:                    MEMORY-BASED
Keep Empty Checks:         YES
----------------------------------------------------------------------------------
--- RUNTIME WARNINGS
---
DISCONNECT operations are present without DRC INCREMENTAL CONNECT YES specified.
Layer 3 contains unmapped objects and is the source layer of LAYER MAP == 3 DATATYPE == 1.
Layer 13 contains unmapped objects and is the source layer of LAYER MAP == 13 DATATYPE == 1.
Layer 16 contains unmapped objects and is the source layer of LAYER MAP == 16 DATATYPE == 1.
Layer 16 contains unmapped objects and is the source layer of LAYER MAP == 16 DATATYPE == 2.
Layer 18 contains unmapped objects and is the source layer of LAYER MAP == 18 DATATYPE == 1.
Layer 18 contains unmapped objects and is the source layer of LAYER MAP == 18 DATATYPE == 2.
Layer 28 contains unmapped objects and is the source layer of LAYER MAP == 28 DATATYPE == 1.
Layer 28 contains unmapped objects and is the source layer of LAYER MAP == 28 DATATYPE == 2.
Layer 31 contains unmapped objects and is the source layer of LAYER MAP == 31 DATATYPE == 1.
Layer 31 contains unmapped objects and is the source layer of LAYER MAP == 31 DATATYPE == 2.
Layer 33 contains unmapped objects and is the source layer of LAYER MAP == 33 DATATYPE == 1.
Layer 33 contains unmapped objects and is the source layer of LAYER MAP == 33 DATATYPE == 2.
Layer 38 contains unmapped objects and is the source layer of LAYER MAP == 38 DATATYPE == 1.
Layer 38 contains unmapped objects and is the source layer of LAYER MAP == 38 DATATYPE == 2.
Layer 58 contains unmapped objects and is the source layer of LAYER MAP == 58 DATATYPE == 3.
ACUTE angle on layer M1i at location (169.06,170.77) in cell pad_corner.
ACUTE angle on layer M2i at location (144.085,113.945) in cell pad_corner.
PROJECTING constraint only supported with PARALLEL ONLY - setting PARALLEL ONLY.
PROJECTING constraint only supported with PARALLEL ONLY - setting PARALLEL ONLY.
PROJECTING constraint only supported with PARALLEL ONLY - setting PARALLEL ONLY.
PROJECTING constraint only supported with PARALLEL ONLY - setting PARALLEL ONLY.
Missing connections STAMPing layer ALL_GATE by layer ILP1u.
Conflicting connections STAMPing layer ALL_GATE by layer ILP1u.
Missing connections STAMPing layer LVGT by layer ILP1k.
Conflicting connections STAMPing layer LVGT by layer ILP1k.
Missing connections STAMPing layer ESD.10g::TMP<602> by layer PSDk_CB.
Missing connections STAMPing layer ESD.10g::TMP<606> by layer NSDk_CB.
Missing connections STAMPing layer ESD_PMOS_GATE_W_EXP by layer EPSD_DRAINc.
Missing connections STAMPing layer ESD_NMOS_GATE_W_EXP by layer ENSD_DRAINc.
----------------------------------------------------------------------------------
--- ORIGINAL LAYER STATISTICS
---
LAYER M1SLOTi ..... TOTAL Original Geometry Count = 0      (0)
LAYER M1DMY ....... TOTAL Original Geometry Count = 199931 (199931)
LAYER M1i ......... TOTAL Original Geometry Count = 18794  (104584)
LAYER M2SLOTi ..... TOTAL Original Geometry Count = 0      (0)
LAYER M2DMY ....... TOTAL Original Geometry Count = 142853 (142853)
LAYER M2i ......... TOTAL Original Geometry Count = 57352  (71941)
LAYER M3SLOTi ..... TOTAL Original Geometry Count = 0      (0)
LAYER M3DMY ....... TOTAL Original Geometry Count = 160134 (160134)
LAYER M3i ......... TOTAL Original Geometry Count = 46781  (54614)
LAYER M4SLOTi ..... TOTAL Original Geometry Count = 0      (0)
LAYER M4DMY ....... TOTAL Original Geometry Count = 168617 (168617)
LAYER M4i ......... TOTAL Original Geometry Count = 21848  (29621)
LAYER M5SLOTi ..... TOTAL Original Geometry Count = 0      (0)
LAYER M5DMY ....... TOTAL Original Geometry Count = 156647 (156647)
LAYER M5i ......... TOTAL Original Geometry Count = 6371   (14120)
LAYER M6SLOTi ..... TOTAL Original Geometry Count = 0      (0)
LAYER M6DMY ....... TOTAL Original Geometry Count = 26852  (26852)
LAYER M6i ......... TOTAL Original Geometry Count = 3289   (11038)
LAYER MDSLOTi ..... TOTAL Original Geometry Count = 0      (0)
LAYER MDDMY ....... TOTAL Original Geometry Count = 0      (0)
LAYER MDi ......... TOTAL Original Geometry Count = 0      (0)
LAYER LOGO ........ TOTAL Original Geometry Count = 0      (0)
LAYER EXCLi ....... TOTAL Original Geometry Count = 0      (0)
LAYER NWELii ...... TOTAL Original Geometry Count = 57     (23979)
LAYER PDIFFi ...... TOTAL Original Geometry Count = 0      (0)
LAYER NDIFFi ...... TOTAL Original Geometry Count = 0      (0)
LAYER DIFFi ....... TOTAL Original Geometry Count = 207    (102911)
LAYER DNWi ........ TOTAL Original Geometry Count = 0      (0)
LAYER VTMPi ....... TOTAL Original Geometry Count = 1      (1)
LAYER VTMNi ....... TOTAL Original Geometry Count = 1      (1)
LAYER DOD ......... TOTAL Original Geometry Count = 6566   (6566)
LAYER DPO ......... TOTAL Original Geometry Count = 13187  (13187)
LAYER POLYi ....... TOTAL Original Geometry Count = 122    (34569)
LAYER OD2i ........ TOTAL Original Geometry Count = 0      (0)
LAYER PPi ......... TOTAL Original Geometry Count = 76     (55452)
LAYER NPi ......... TOTAL Original Geometry Count = 74     (47708)
LAYER COi ......... TOTAL Original Geometry Count = 29541  (1321747)
LAYER VIA1i ....... TOTAL Original Geometry Count = 65907  (192312)
LAYER VIA2i ....... TOTAL Original Geometry Count = 74315  (156781)
LAYER VIA3i ....... TOTAL Original Geometry Count = 56852  (120056)
LAYER VIA4i ....... TOTAL Original Geometry Count = 49096  (118186)
LAYER VIA5i ....... TOTAL Original Geometry Count = 56065  (117413)
LAYER VIADi ....... TOTAL Original Geometry Count = 0      (0)
LAYER CBi ......... TOTAL Original Geometry Count = 3      (7752)
LAYER CBDi ........ TOTAL Original Geometry Count = 0      (0)
LAYER RPOi ........ TOTAL Original Geometry Count = 82     (7984)
LAYER NTNi ........ TOTAL Original Geometry Count = 0      (0)
LAYER PLMIDEi ..... TOTAL Original Geometry Count = 0      (0)
LAYER FWi ......... TOTAL Original Geometry Count = 0      (0)
LAYER LWI ......... TOTAL Original Geometry Count = 0      (0)
LAYER HRIi ........ TOTAL Original Geometry Count = 0      (0)
LAYER ESDi ........ TOTAL Original Geometry Count = 0      (0)
LAYER ESDIMPi ..... TOTAL Original Geometry Count = 0      (0)
LAYER CTM2i ....... TOTAL Original Geometry Count = 0      (0)
LAYER CTM3i ....... TOTAL Original Geometry Count = 0      (0)
LAYER CTM4i ....... TOTAL Original Geometry Count = 0      (0)
LAYER CTM5i ....... TOTAL Original Geometry Count = 0      (0)
LAYER RWDMY ....... TOTAL Original Geometry Count = 0      (0)
LAYER SDI ......... TOTAL Original Geometry Count = 12     (28)
LAYER RPDUMMY ..... TOTAL Original Geometry Count = 0      (0)
LAYER RLPPDMY ..... TOTAL Original Geometry Count = 0      (0)
LAYER DMN2V ....... TOTAL Original Geometry Count = 0      (0)
LAYER DMP2V ....... TOTAL Original Geometry Count = 0      (0)
LAYER PMDMY ....... TOTAL Original Geometry Count = 0      (0)
LAYER SEALRING .... TOTAL Original Geometry Count = 2      (7744)
LAYER SBDDMY ...... TOTAL Original Geometry Count = 0      (0)
LAYER HOTWL ....... TOTAL Original Geometry Count = 0      (0)
LAYER VSSDMY ...... TOTAL Original Geometry Count = 0      (0)
LAYER VDDDMY ...... TOTAL Original Geometry Count = 0      (0)
LAYER PPIi ........ TOTAL Original Geometry Count = 0      (0)
LAYER UBMi ........ TOTAL Original Geometry Count = 0      (0)
LAYER WBDMY ....... TOTAL Original Geometry Count = 0      (0)
LAYER DPDMY ....... TOTAL Original Geometry Count = 0      (0)
LAYER PLDMY ....... TOTAL Original Geometry Count = 1      (4)
LAYER DIODUMMY .... TOTAL Original Geometry Count = 3      (19)
LAYER ESD1DMY ..... TOTAL Original Geometry Count = 0      (0)
LAYER ESD2DMY ..... TOTAL Original Geometry Count = 8      (24)
LAYER HIADMY ...... TOTAL Original Geometry Count = 0      (0)
LAYER RES200 ...... TOTAL Original Geometry Count = 0      (0)
LAYER VARDMY ...... TOTAL Original Geometry Count = 0      (0)
LAYER CMM5i ....... TOTAL Original Geometry Count = 0      (0)
LAYER LUPWDMY ..... TOTAL Original Geometry Count = 0      (0)
LAYER INDDMY ...... TOTAL Original Geometry Count = 0      (0)
LAYER RFDUMMY ..... TOTAL Original Geometry Count = 0      (0)
LAYER LMARK ....... TOTAL Original Geometry Count = 0      (0)
LAYER ODBLK ....... TOTAL Original Geometry Count = 17     (232)
LAYER MATCHING .... TOTAL Original Geometry Count = 0      (0)
LAYER MOMDMY_1 .... TOTAL Original Geometry Count = 0      (0)
LAYER MOMDMY_2 .... TOTAL Original Geometry Count = 0      (0)
LAYER MOMDMY_3 .... TOTAL Original Geometry Count = 0      (0)
LAYER MOMDMY_4 .... TOTAL Original Geometry Count = 0      (0)
LAYER MOMDMY_5 .... TOTAL Original Geometry Count = 0      (0)
LAYER MOMDMY_6 .... TOTAL Original Geometry Count = 0      (0)
LAYER ESD3DMY ..... TOTAL Original Geometry Count = 0      (0)
LAYER DRCDMY ...... TOTAL Original Geometry Count = 0      (0)
LAYER LUPWDMY_2 ... TOTAL Original Geometry Count = 0      (0)
LAYER ANALOGDMY ... TOTAL Original Geometry Count = 0      (0)
LAYER BJTDUMMY .... TOTAL Original Geometry Count = 0      (0)
LAYER DTi ......... TOTAL Original Geometry Count = 0      (0)
LAYER FLASH ....... TOTAL Original Geometry Count = 0      (0)
----------------------------------------------------------------------------------
--- RULECHECK RESULTS STATISTICS
---
RULECHECK HRI.WARN .................... TOTAL Result Count = 0     (0)
RULECHECK NW.W.1 ...................... TOTAL Result Count = 0     (0)
RULECHECK NW.W.2 ...................... TOTAL Result Count = 0     (0)
RULECHECK NW.S.1 ...................... TOTAL Result Count = 0     (0)
RULECHECK NW.S.2 ...................... TOTAL Result Count = 0     (0)
RULECHECK NWR.E.1 ..................... TOTAL Result Count = 0     (0)
RULECHECK NWR.E.2 ..................... TOTAL Result Count = 0     (0)
RULECHECK NWR.C.1 ..................... TOTAL Result Count = 0     (0)
RULECHECK NWR.C.2 ..................... TOTAL Result Count = 0     (0)
RULECHECK NWR.C.3 ..................... TOTAL Result Count = 0     (0)
RULECHECK NWR.O.1 ..................... TOTAL Result Count = 0     (0)
RULECHECK NWR.R.1 ..................... TOTAL Result Count = 0     (0)
RULECHECK NWR.R.3 ..................... TOTAL Result Count = 0     (0)
RULECHECK NWR.R.4 ..................... TOTAL Result Count = 0     (0)
RULECHECK NWR.R.5 ..................... TOTAL Result Count = 0     (0)
RULECHECK NWR.R.6 ..................... TOTAL Result Count = 0     (0)
RULECHECK NWR.E.3 ..................... TOTAL Result Count = 0     (0)
RULECHECK NT_N.I.1 .................... TOTAL Result Count = 0     (0)
RULECHECK NT_N.I.2 .................... TOTAL Result Count = 0     (0)
RULECHECK NT_N.I.3 .................... TOTAL Result Count = 0     (0)
RULECHECK NT_N.I.4 .................... TOTAL Result Count = 0     (0)
RULECHECK NT_N.W.1 .................... TOTAL Result Count = 0     (0)
RULECHECK NT_N.W.2_LV ................. TOTAL Result Count = 0     (0)
RULECHECK NT_N.W.2_3.3V ............... TOTAL Result Count = 0     (0)
RULECHECK NT_N.S.1 .................... TOTAL Result Count = 0     (0)
RULECHECK NT_N.E.1 .................... TOTAL Result Count = 0     (0)
RULECHECK NT_N.C.1 .................... TOTAL Result Count = 0     (0)
RULECHECK NT_N.C.2 .................... TOTAL Result Count = 0     (0)
RULECHECK NT_N.PO.1 ................... TOTAL Result Count = 0     (0)
RULECHECK OD.W.1_OD.W.2 ............... TOTAL Result Count = 11    (11)
RULECHECK OD.S.1 ...................... TOTAL Result Count = 908   (908)
RULECHECK OD.C.1 ...................... TOTAL Result Count = 2634  (2634)
RULECHECK OD.C.2_OD.C.3 ............... TOTAL Result Count = 2722  (2722)
RULECHECK OD.C.4 ...................... TOTAL Result Count = 2295  (2295)
RULECHECK OD.C.5 ...................... TOTAL Result Count = 0     (0)
RULECHECK OD.W.3 ...................... TOTAL Result Count = 0     (0)
RULECHECK OD.A.1 ...................... TOTAL Result Count = 0     (0)
RULECHECK OD.R.5 ...................... TOTAL Result Count = 19    (237)
RULECHECK OD2.W.1 ..................... TOTAL Result Count = 0     (0)
RULECHECK OD2.E.1 ..................... TOTAL Result Count = 0     (0)
RULECHECK OD2.S.1 ..................... TOTAL Result Count = 0     (0)
RULECHECK OD2.C.1 ..................... TOTAL Result Count = 0     (0)
RULECHECK OD2.C.2 ..................... TOTAL Result Count = 0     (0)
RULECHECK OD2.E.2 ..................... TOTAL Result Count = 0     (0)
RULECHECK PO.W.3 ...................... TOTAL Result Count = 0     (0)
RULECHECK PO.W.1_3.3V ................. TOTAL Result Count = 0     (0)
RULECHECK PO.W.2_3.3V ................. TOTAL Result Count = 0     (0)
RULECHECK PO.S.1 ...................... TOTAL Result Count = 37    (37)
RULECHECK PO.S.2_PO.S.3 ............... TOTAL Result Count = 462   (462)
RULECHECK PO.C.1 ...................... TOTAL Result Count = 778   (778)
RULECHECK PO.C.2 ...................... TOTAL Result Count = 1929  (1929)
RULECHECK PO.O.1 ...................... TOTAL Result Count = 1427  (1427)
RULECHECK PO.R.1B ..................... TOTAL Result Count = 0     (0)
RULECHECK PO.R.2 ...................... TOTAL Result Count = 0     (0)
RULECHECK PO.R.4 ...................... TOTAL Result Count = 0     (0)
RULECHECK RES.9 ....................... TOTAL Result Count = 0     (0)
RULECHECK RES.10 ...................... TOTAL Result Count = 0     (0)
RULECHECK RES.11 ...................... TOTAL Result Count = 0     (0)
RULECHECK RES.13 ...................... TOTAL Result Count = 77    (77)
RULECHECK RES.15 ...................... TOTAL Result Count = 0     (0)
RULECHECK RES.HRI.10 .................. TOTAL Result Count = 0     (0)
RULECHECK RES.HRI.11 .................. TOTAL Result Count = 0     (0)
RULECHECK PP.W.1 ...................... TOTAL Result Count = 0     (0)
RULECHECK PP.S.1 ...................... TOTAL Result Count = 0     (0)
RULECHECK PP.C.1 ...................... TOTAL Result Count = 2469  (2469)
RULECHECK PP.C.2 ...................... TOTAL Result Count = 176   (176)
RULECHECK PP.C.3 ...................... TOTAL Result Count = 18    (18)
RULECHECK PP.C.5 ...................... TOTAL Result Count = 5080  (5080)
RULECHECK PP.O.1 ...................... TOTAL Result Count = 440   (440)
RULECHECK PP.E.1 ...................... TOTAL Result Count = 75    (75)
RULECHECK PP.E.1_NP.E.1 ............... TOTAL Result Count = 0     (0)
RULECHECK PP.E.3 ...................... TOTAL Result Count = 209   (209)
RULECHECK PP.E.4 ...................... TOTAL Result Count = 1     (1)
RULECHECK PP.A.1 ...................... TOTAL Result Count = 0     (0)
RULECHECK PP.R.1_NP.R.1 ............... TOTAL Result Count = 0     (0)
RULECHECK PP.R.3_NP.R.3 ............... TOTAL Result Count = 415   (415)
RULECHECK NP.W.1 ...................... TOTAL Result Count = 0     (0)
RULECHECK NP.S.1 ...................... TOTAL Result Count = 0     (0)
RULECHECK NP.C.1 ...................... TOTAL Result Count = 145   (145)
RULECHECK NP.C.2 ...................... TOTAL Result Count = 0     (0)
RULECHECK NP.C.3 ...................... TOTAL Result Count = 0     (0)
RULECHECK NP.C.5 ...................... TOTAL Result Count = 6802  (6802)
RULECHECK NP.O.1 ...................... TOTAL Result Count = 402   (402)
RULECHECK NP.E.1 ...................... TOTAL Result Count = 2423  (2423)
RULECHECK NP.E.3 ...................... TOTAL Result Count = 183   (183)
RULECHECK NP.E.4 ...................... TOTAL Result Count = 20    (20)
RULECHECK NP.A.1 ...................... TOTAL Result Count = 0     (0)
RULECHECK NP.E.6 ...................... TOTAL Result Count = 0     (0)
RULECHECK RPO.W.1 ..................... TOTAL Result Count = 0     (0)
RULECHECK RPO.S.1 ..................... TOTAL Result Count = 0     (0)
RULECHECK RPO.C.1 ..................... TOTAL Result Count = 22    (22)
RULECHECK RPO.C.2 ..................... TOTAL Result Count = 0     (0)
RULECHECK RPO.C.3 ..................... TOTAL Result Count = 188   (188)
RULECHECK RPO.C.4 ..................... TOTAL Result Count = 30    (30)
RULECHECK RPO.E.1 ..................... TOTAL Result Count = 19    (19)
RULECHECK RPO.C.5 ..................... TOTAL Result Count = 94    (94)
RULECHECK RPO.C.6 ..................... TOTAL Result Count = 16    (16)
RULECHECK RPO.A.1 ..................... TOTAL Result Count = 0     (0)
RULECHECK RPO.A.2 ..................... TOTAL Result Count = 0     (0)
RULECHECK CO.W.1 ...................... TOTAL Result Count = 0     (0)
RULECHECK CO.S.1 ...................... TOTAL Result Count = 0     (0)
RULECHECK CO.S.2 ...................... TOTAL Result Count = 0     (0)
RULECHECK CO.C.1_CO.R.1 ............... TOTAL Result Count = 33681 (33681)
RULECHECK CO.C.2 ...................... TOTAL Result Count = 16    (16)
RULECHECK CO.E.1 ...................... TOTAL Result Count = 4     (4)
RULECHECK CO.E.2 ...................... TOTAL Result Count = 9     (9)
RULECHECK CO.E.3 ...................... TOTAL Result Count = 16    (16)
RULECHECK CO.E.4 ...................... TOTAL Result Count = 7     (7)
RULECHECK CO.R.4 ...................... TOTAL Result Count = 0     (0)
RULECHECK M1.W.1 ...................... TOTAL Result Count = 1583  (1583)
RULECHECK M1.S.1 ...................... TOTAL Result Count = 19472 (19472)
RULECHECK M1.S.2 ...................... TOTAL Result Count = 938   (938)
RULECHECK M1.S.2.1.a .................. TOTAL Result Count = 0     (0)
RULECHECK M1.S.2.1.b .................. TOTAL Result Count = 0     (0)
RULECHECK M1.E.1 ...................... TOTAL Result Count = 0     (0)
RULECHECK M1.E.2 ...................... TOTAL Result Count = 0     (0)
RULECHECK M1.A.1 ...................... TOTAL Result Count = 0     (0)
RULECHECK VIA1.W.1 .................... TOTAL Result Count = 0     (0)
RULECHECK VIA1.S.1 .................... TOTAL Result Count = 0     (0)
RULECHECK VIA1.E.1 .................... TOTAL Result Count = 0     (0)
RULECHECK VIA1.E.2 .................... TOTAL Result Count = 0     (0)
RULECHECK M2.W.1 ...................... TOTAL Result Count = 644   (644)
RULECHECK M2.S.1 ...................... TOTAL Result Count = 12468 (12468)
RULECHECK M2.S.2 ...................... TOTAL Result Count = 1265  (1265)
RULECHECK M2.S.2.1.a .................. TOTAL Result Count = 0     (0)
RULECHECK M2.S.2.1.b .................. TOTAL Result Count = 0     (0)
RULECHECK M2.E.1 ...................... TOTAL Result Count = 0     (0)
RULECHECK M2.E.2 ...................... TOTAL Result Count = 0     (0)
RULECHECK M2.A.1 ...................... TOTAL Result Count = 0     (0)
RULECHECK VIA2.W.1 .................... TOTAL Result Count = 0     (0)
RULECHECK VIA2.S.1 .................... TOTAL Result Count = 0     (0)
RULECHECK VIA2.E.1 .................... TOTAL Result Count = 0     (0)
RULECHECK VIA2.E.2 .................... TOTAL Result Count = 0     (0)
RULECHECK M3.W.1 ...................... TOTAL Result Count = 275   (275)
RULECHECK M3.S.1 ...................... TOTAL Result Count = 8932  (8932)
RULECHECK M3.S.2 ...................... TOTAL Result Count = 51    (51)
RULECHECK M3.S.2.1.a .................. TOTAL Result Count = 0     (0)
RULECHECK M3.S.2.1.b .................. TOTAL Result Count = 0     (0)
RULECHECK M3.E.1 ...................... TOTAL Result Count = 0     (0)
RULECHECK M3.E.2 ...................... TOTAL Result Count = 0     (0)
RULECHECK M3.A.1 ...................... TOTAL Result Count = 0     (0)
RULECHECK VIA3.W.1 .................... TOTAL Result Count = 0     (0)
RULECHECK VIA3.S.1 .................... TOTAL Result Count = 0     (0)
RULECHECK VIA3.E.1 .................... TOTAL Result Count = 0     (0)
RULECHECK VIA3.E.2 .................... TOTAL Result Count = 0     (0)
RULECHECK M4.W.1 ...................... TOTAL Result Count = 175   (175)
RULECHECK M4.S.1 ...................... TOTAL Result Count = 7361  (7361)
RULECHECK M4.S.2 ...................... TOTAL Result Count = 54    (54)
RULECHECK M4.S.2.1.a .................. TOTAL Result Count = 0     (0)
RULECHECK M4.S.2.1.b .................. TOTAL Result Count = 0     (0)
RULECHECK M4.E.1 ...................... TOTAL Result Count = 0     (0)
RULECHECK M4.E.2 ...................... TOTAL Result Count = 0     (0)
RULECHECK M4.A.1 ...................... TOTAL Result Count = 0     (0)
RULECHECK VIA4.W.1 .................... TOTAL Result Count = 0     (0)
RULECHECK VIA4.S.1 .................... TOTAL Result Count = 0     (0)
RULECHECK VIA4.E.1 .................... TOTAL Result Count = 0     (0)
RULECHECK VIA4.E.2 .................... TOTAL Result Count = 0     (0)
RULECHECK M5.W.1 ...................... TOTAL Result Count = 45    (45)
RULECHECK M5.S.1 ...................... TOTAL Result Count = 3063  (3063)
RULECHECK M5.S.2 ...................... TOTAL Result Count = 38    (38)
RULECHECK M5.S.2.1.a .................. TOTAL Result Count = 0     (0)
RULECHECK M5.S.2.1.b .................. TOTAL Result Count = 0     (0)
RULECHECK M5.E.1 ...................... TOTAL Result Count = 0     (0)
RULECHECK M5.E.2 ...................... TOTAL Result Count = 0     (0)
RULECHECK M5.A.1 ...................... TOTAL Result Count = 0     (0)
RULECHECK VIA1.S.2_Array1_2_3_4_5_M ... TOTAL Result Count = 0     (0)
RULECHECK VIA1.S.6_Array1_2_3_4_5_M ... TOTAL Result Count = 0     (0)
RULECHECK VIA2.S.6_Array1_2_3_4_5_M ... TOTAL Result Count = 0     (0)
RULECHECK VIA3.S.6_Array1_2_3_4_5_M ... TOTAL Result Count = 0     (0)
RULECHECK VIA4.S.6_Array1_2_3_4_5_M ... TOTAL Result Count = 0     (0)
RULECHECK VIA5.S.6_Array1_2_3_4_5_M ... TOTAL Result Count = 0     (0)
RULECHECK M1_2_3_4_5.S.3 .............. TOTAL Result Count = 0     (0)
RULECHECK VIA1.S.3_Array1_2_3_4_M ..... TOTAL Result Count = 0     (0)
RULECHECK VIA1.S.7_Array1_2_3_4_M ..... TOTAL Result Count = 0     (0)
RULECHECK VIA2.S.7_Array1_2_3_4_M ..... TOTAL Result Count = 0     (0)
RULECHECK VIA3.S.7_Array1_2_3_4_M ..... TOTAL Result Count = 0     (0)
RULECHECK VIA4.S.7_Array1_2_3_4_M ..... TOTAL Result Count = 0     (0)
RULECHECK M1_2_3_4.S.4 ................ TOTAL Result Count = 0     (0)
RULECHECK VIA2.S.3_Array2_3_4_5_M ..... TOTAL Result Count = 0     (0)
RULECHECK VIA2.S.7_Array2_3_4_5_M ..... TOTAL Result Count = 0     (0)
RULECHECK VIA3.S.7_Array2_3_4_5_M ..... TOTAL Result Count = 0     (0)
RULECHECK VIA4.S.7_Array2_3_4_5_M ..... TOTAL Result Count = 0     (0)
RULECHECK VIA5.S.7_Array2_3_4_5_M ..... TOTAL Result Count = 0     (0)
RULECHECK M2_3_4_5.S.4 ................ TOTAL Result Count = 0     (0)
RULECHECK VIA1.S.4_Array1_2_3_M ....... TOTAL Result Count = 0     (0)
RULECHECK M1_2_3.S.5 .................. TOTAL Result Count = 0     (0)
RULECHECK VIA2.S.4_Array2_3_4_M ....... TOTAL Result Count = 0     (0)
RULECHECK M2_3_4.S.5 .................. TOTAL Result Count = 0     (0)
RULECHECK VIA2.S.8_Array2_3_4_M ....... TOTAL Result Count = 0     (0)
RULECHECK VIA3.S.8_Array2_3_4_M ....... TOTAL Result Count = 0     (0)
RULECHECK VIA4.S.8_Array2_3_4_M ....... TOTAL Result Count = 0     (0)
RULECHECK VIA3.S.4_Array3_4_5_M ....... TOTAL Result Count = 0     (0)
RULECHECK VIA3.S.8_Array3_4_5_M ....... TOTAL Result Count = 0     (0)
RULECHECK VIA4.S.8_Array3_4_5_M ....... TOTAL Result Count = 0     (0)
RULECHECK VIA5.S.8_Array3_4_5_M ....... TOTAL Result Count = 0     (0)
RULECHECK M3_4_5.S.5 .................. TOTAL Result Count = 0     (0)
RULECHECK VIA1.S.5_Array1_2_M ......... TOTAL Result Count = 0     (0)
RULECHECK M1_2.S.6 .................... TOTAL Result Count = 0     (0)
RULECHECK VIA2.S.5_Array2_3_M ......... TOTAL Result Count = 0     (0)
RULECHECK M2_3.S.6 .................... TOTAL Result Count = 0     (0)
RULECHECK VIA3.S.5_Array3_4_M ......... TOTAL Result Count = 0     (0)
RULECHECK M3_4.S.6 .................... TOTAL Result Count = 0     (0)
RULECHECK VIA3.S.9_Array3_4_M ......... TOTAL Result Count = 0     (0)
RULECHECK VIA4.S.9_Array3_4_M ......... TOTAL Result Count = 0     (0)
RULECHECK VIA4.S.5_Array4_5_M ......... TOTAL Result Count = 0     (0)
RULECHECK VIA4.S.9_Array4_5_M ......... TOTAL Result Count = 0     (0)
RULECHECK VIA5.S.9_Array4_5_M ......... TOTAL Result Count = 0     (0)
RULECHECK M4_5.S.6 .................... TOTAL Result Count = 0     (0)
RULECHECK VIA4.S.10_Array4_M .......... TOTAL Result Count = 0     (0)
RULECHECK VIA5.S.10_Array5_M .......... TOTAL Result Count = 0     (0)
RULECHECK VIA5.W.1 .................... TOTAL Result Count = 0     (0)
RULECHECK VIA5.S.1 .................... TOTAL Result Count = 0     (0)
RULECHECK VIA5.E.1 .................... TOTAL Result Count = 0     (0)
RULECHECK VIA5.E.2 .................... TOTAL Result Count = 0     (0)
RULECHECK PO.R.3 ...................... TOTAL Result Count = 1     (1)
RULECHECK M1.R.1 ...................... TOTAL Result Count = 1     (1)
RULECHECK M2.R.1 ...................... TOTAL Result Count = 1     (1)
RULECHECK M3.R.1 ...................... TOTAL Result Count = 1     (1)
RULECHECK M4.R.1 ...................... TOTAL Result Count = 1     (1)
RULECHECK M5.R.1 ...................... TOTAL Result Count = 1     (1)
RULECHECK ADP.R.0A .................... TOTAL Result Count = 0     (0)
RULECHECK ADP.R.0B .................... TOTAL Result Count = 0     (0)
RULECHECK ADP.R.0C .................... TOTAL Result Count = 0     (0)
RULECHECK ADP.S.1_VIA1 ................ TOTAL Result Count = 0     (0)
RULECHECK ADP.S.1_VIA2 ................ TOTAL Result Count = 0     (0)
RULECHECK ADP.S.1_VIA3 ................ TOTAL Result Count = 0     (0)
RULECHECK ADP.S.1_VIA4 ................ TOTAL Result Count = 0     (0)
RULECHECK ADP.S.1_VIA5 ................ TOTAL Result Count = 0     (0)
RULECHECK ADP.S.1_VIAD ................ TOTAL Result Count = 0     (0)
RULECHECK ADP.C.1_V1_V2 ............... TOTAL Result Count = 0     (0)
RULECHECK ADP.C.1_V2_V3 ............... TOTAL Result Count = 0     (0)
RULECHECK ADP.C.1_V3_V4 ............... TOTAL Result Count = 0     (0)
RULECHECK ADP.C.2_V4_V5 ............... TOTAL Result Count = 0     (0)
RULECHECK ADP.C.2_V5_VD ............... TOTAL Result Count = 0     (0)
RULECHECK ADP.E.1_V1_M1 ............... TOTAL Result Count = 0     (0)
RULECHECK ADP.E.1_V1_M2 ............... TOTAL Result Count = 0     (0)
RULECHECK ADP.E.1_V2_M2 ............... TOTAL Result Count = 0     (0)
RULECHECK ADP.E.1_V2_M3 ............... TOTAL Result Count = 0     (0)
RULECHECK ADP.E.1_V3_M3 ............... TOTAL Result Count = 0     (0)
RULECHECK ADP.E.1_V3_M4 ............... TOTAL Result Count = 0     (0)
RULECHECK ADP.E.1_V4_M4 ............... TOTAL Result Count = 0     (0)
RULECHECK ADP.E.1_V4_M5 ............... TOTAL Result Count = 0     (0)
RULECHECK ADP.E.1_V5_M5 ............... TOTAL Result Count = 0     (0)
RULECHECK ADP.E.1_V5_M6 ............... TOTAL Result Count = 0     (0)
RULECHECK ADP.E.1_VD_M6 ............... TOTAL Result Count = 0     (0)
RULECHECK ADP.E.1_VD_MD ............... TOTAL Result Count = 0     (0)
RULECHECK ADP.S.2g .................... TOTAL Result Count = 0     (0)
RULECHECK ADP.W.3g .................... TOTAL Result Count = 0     (0)
RULECHECK ADP.W.4g .................... TOTAL Result Count = 0     (0)
RULECHECK ADP.R.0D .................... TOTAL Result Count = 0     (0)
RULECHECK ADP.S.1_PL_V1 ............... TOTAL Result Count = 0     (0)
RULECHECK ADP.S.1_PL_V2 ............... TOTAL Result Count = 0     (0)
RULECHECK ADP.S.1_PL_V3 ............... TOTAL Result Count = 0     (0)
RULECHECK ADP.S.1_PL_V4 ............... TOTAL Result Count = 0     (0)
RULECHECK ADP.S.1_PL_V5 ............... TOTAL Result Count = 0     (0)
RULECHECK ADP.S.1_PL_VD ............... TOTAL Result Count = 0     (0)
RULECHECK ADP.C.1_PL_V1_V2 ............ TOTAL Result Count = 0     (0)
RULECHECK ADP.C.1_PL_V2_V3 ............ TOTAL Result Count = 0     (0)
RULECHECK ADP.C.1_PL_V3_V4 ............ TOTAL Result Count = 0     (0)
RULECHECK ADP.C.2_PL_V4_V5 ............ TOTAL Result Count = 0     (0)
RULECHECK ADP.C.2_PL_V5_VD ............ TOTAL Result Count = 0     (0)
RULECHECK ADP.E.2_V1_M1 ............... TOTAL Result Count = 0     (0)
RULECHECK ADP.E.2_V1_M2 ............... TOTAL Result Count = 0     (0)
RULECHECK ADP.E.2_V2_M2 ............... TOTAL Result Count = 0     (0)
RULECHECK ADP.E.2_V2_M3 ............... TOTAL Result Count = 0     (0)
RULECHECK ADP.E.2_V3_M3 ............... TOTAL Result Count = 0     (0)
RULECHECK ADP.E.2_V3_M4 ............... TOTAL Result Count = 0     (0)
RULECHECK ADP.E.2_V4_M4 ............... TOTAL Result Count = 0     (0)
RULECHECK ADP.E.2_V4_M5 ............... TOTAL Result Count = 0     (0)
RULECHECK ADP.E.2_V5_M5 ............... TOTAL Result Count = 0     (0)
RULECHECK ADP.E.2_V5_M6 ............... TOTAL Result Count = 0     (0)
RULECHECK ADP.E.2_VD_M6 ............... TOTAL Result Count = 0     (0)
RULECHECK ADP.E.2_VD_MD ............... TOTAL Result Count = 0     (0)
RULECHECK AMS.1.M1 .................... TOTAL Result Count = 0     (0)
RULECHECK AMS.DN.M1 ................... TOTAL Result Count = 0     (0)
RULECHECK AMS.1.M2 .................... TOTAL Result Count = 0     (0)
RULECHECK AMS.DN.M2 ................... TOTAL Result Count = 6     (6)
RULECHECK AMS.1.M3 .................... TOTAL Result Count = 0     (0)
RULECHECK AMS.DN.M3 ................... TOTAL Result Count = 0     (0)
RULECHECK AMS.1.M4 .................... TOTAL Result Count = 0     (0)
RULECHECK AMS.DN.M4 ................... TOTAL Result Count = 0     (0)
RULECHECK AMS.1.M5 .................... TOTAL Result Count = 0     (0)
RULECHECK AMS.DN.M5 ................... TOTAL Result Count = 0     (0)
RULECHECK AMS.1.M6 .................... TOTAL Result Count = 0     (0)
RULECHECK AMS.DN.M6 ................... TOTAL Result Count = 0     (0)
RULECHECK AMS.1.MD .................... TOTAL Result Count = 0     (0)
RULECHECK AMS.DN.MD ................... TOTAL Result Count = 0     (0)
RULECHECK ESD.1g ...................... TOTAL Result Count = 0     (0)
RULECHECK ESD.7g ...................... TOTAL Result Count = 0     (0)
RULECHECK ESD.9g ...................... TOTAL Result Count = 0     (0)
RULECHECK ESD.10g ..................... TOTAL Result Count = 0     (0)
RULECHECK ESD.3g ...................... TOTAL Result Count = 16    (16)
RULECHECK ESD.5g ...................... TOTAL Result Count = 0     (0)
RULECHECK ESD.5.1g .................... TOTAL Result Count = 0     (0)
RULECHECK ESD.6g ...................... TOTAL Result Count = 644   (644)
RULECHECK ESD.8g ...................... TOTAL Result Count = 0     (0)
RULECHECK ESD.18g_1.8V ................ TOTAL Result Count = 11    (11)
RULECHECK ESD.18g_3.3V_N .............. TOTAL Result Count = 0     (0)
RULECHECK ESD.18g_3.3V_P .............. TOTAL Result Count = 0     (0)
RULECHECK ESD.19g ..................... TOTAL Result Count = 17    (17)
RULECHECK ESD.20g ..................... TOTAL Result Count = 0     (0)
RULECHECK ESD.20g_A ................... TOTAL Result Count = 0     (0)
RULECHECK ESD.21g ..................... TOTAL Result Count = 192   (192)
RULECHECK ESD.24g ..................... TOTAL Result Count = 55    (55)
RULECHECK ESD.25g ..................... TOTAL Result Count = 160   (160)
RULECHECK ESD.26g ..................... TOTAL Result Count = 0     (0)
RULECHECK ESD.27g ..................... TOTAL Result Count = 0     (0)
RULECHECK ESD.28g ..................... TOTAL Result Count = 0     (0)
RULECHECK ESD.30g ..................... TOTAL Result Count = 0     (0)
RULECHECK ESD.32g ..................... TOTAL Result Count = 0     (0)
RULECHECK ESD.34g ..................... TOTAL Result Count = 0     (0)
RULECHECK ESD.35g ..................... TOTAL Result Count = 0     (0)
RULECHECK ESD.37g ..................... TOTAL Result Count = 0     (0)
RULECHECK ESD.WARN.1 .................. TOTAL Result Count = 0     (0)
RULECHECK ESD.WARN.3 .................. TOTAL Result Count = 0     (0)
RULECHECK ESD.WARN.4 .................. TOTAL Result Count = 0     (0)
RULECHECK ESD.WARN.5 .................. TOTAL Result Count = 38    (38)
RULECHECK ESD.40g ..................... TOTAL Result Count = 0     (0)
RULECHECK HIA.1g ...................... TOTAL Result Count = 0     (0)
RULECHECK HIA.2g ...................... TOTAL Result Count = 0     (0)
RULECHECK HIA.3g ...................... TOTAL Result Count = 0     (0)
RULECHECK HIA.4g ...................... TOTAL Result Count = 0     (0)
RULECHECK HIA.9g ...................... TOTAL Result Count = 0     (0)
RULECHECK HIA.17g ..................... TOTAL Result Count = 0     (0)
RULECHECK HIA.18g ..................... TOTAL Result Count = 0     (0)
RULECHECK ESDIMP.W.1 .................. TOTAL Result Count = 0     (0)
RULECHECK ESDIMP.S.1 .................. TOTAL Result Count = 0     (0)
RULECHECK ESDIMP.S.2 .................. TOTAL Result Count = 0     (0)
RULECHECK ESDIMP.EN.1 ................. TOTAL Result Count = 0     (0)
RULECHECK ESDIMP.A.1 .................. TOTAL Result Count = 0     (0)
RULECHECK ESDIMP.A.2 .................. TOTAL Result Count = 0     (0)
RULECHECK ESDIMP.R.1 .................. TOTAL Result Count = 0     (0)
RULECHECK LUP.1g ...................... TOTAL Result Count = 0     (0)
RULECHECK LUP.2g ...................... TOTAL Result Count = 0     (0)
RULECHECK LUP.3.1g_1.8V ............... TOTAL Result Count = 0     (0)
RULECHECK LUP.3.3g_3.3V ............... TOTAL Result Count = 0     (0)
RULECHECK LUP.4g ...................... TOTAL Result Count = 0     (0)
RULECHECK LUP.5.1g_1.8V ............... TOTAL Result Count = 0     (0)
RULECHECK LUP.5.3g_3.3V ............... TOTAL Result Count = 0     (0)
RULECHECK LUP.6g ...................... TOTAL Result Count = 0     (0)
RULECHECK LUP.10g__LUP.13g ............ TOTAL Result Count = 0     (0)
RULECHECK LUP.14g ..................... TOTAL Result Count = 0     (0)
RULECHECK LOGO.S.1 .................... TOTAL Result Count = 0     (0)
RULECHECK LOGO.O.1 .................... TOTAL Result Count = 0     (0)
RULECHECK LOGO.R.1 .................... TOTAL Result Count = 0     (0)
RULECHECK SR.S.1 ...................... TOTAL Result Count = 235   (235)
RULECHECK SR.R.1 ...................... TOTAL Result Count = 0     (0)
RULECHECK SR.E.1 ...................... TOTAL Result Count = 0     (0)
RULECHECK SR.E.2 ...................... TOTAL Result Count = 1101  (1101)
RULECHECK SR.R.2 ...................... TOTAL Result Count = 0     (0)
RULECHECK CO.W.2 ...................... TOTAL Result Count = 0     (0)
RULECHECK VIA1.W.2 .................... TOTAL Result Count = 0     (0)
RULECHECK VIA2.W.2 .................... TOTAL Result Count = 0     (0)
RULECHECK VIA3.W.2 .................... TOTAL Result Count = 0     (0)
RULECHECK VIA4.W.2 .................... TOTAL Result Count = 0     (0)
RULECHECK VIAn.W.2 .................... TOTAL Result Count = 0     (0)
RULECHECK PO.W.1_HRI .................. TOTAL Result Count = 0     (0)
RULECHECK _PO.R.1A.MM ................. TOTAL Result Count = 26153 (26153)
RULECHECK _PP.E.6.MM .................. TOTAL Result Count = 0     (0)
RULECHECK RPO.O.1_HRI ................. TOTAL Result Count = 0     (0)
RULECHECK UTM40K.W.1 .................. TOTAL Result Count = 2     (2)
RULECHECK UTM40K.S.1 .................. TOTAL Result Count = 1037  (1037)
RULECHECK UTM40K.E.1 .................. TOTAL Result Count = 0     (0)
RULECHECK UTM40K.E.2 .................. TOTAL Result Count = 0     (0)
RULECHECK UTM40K.S.2 .................. TOTAL Result Count = 97    (97)
RULECHECK UTM40K.A.1 .................. TOTAL Result Count = 0     (0)
RULECHECK UTM40K.R.1 .................. TOTAL Result Count = 1     (1)
RULECHECK UTM40K.E.3 .................. TOTAL Result Count = 0     (0)
RULECHECK UTM40K.I.1 .................. TOTAL Result Count = 0     (0)
RULECHECK UTM40K.I.2 .................. TOTAL Result Count = 0     (0)
RULECHECK UTM40K.R.2 .................. TOTAL Result Count = 0     (0)
RULECHECK UTM40K.R.3 .................. TOTAL Result Count = 0     (0)
RULECHECK UTM40K.A.2 .................. TOTAL Result Count = 0     (0)
RULECHECK DNW.W.1 ..................... TOTAL Result Count = 0     (0)
RULECHECK DNW.S.1 ..................... TOTAL Result Count = 0     (0)
RULECHECK DNW.O.1 ..................... TOTAL Result Count = 0     (0)
RULECHECK DNW.C.1 ..................... TOTAL Result Count = 0     (0)
RULECHECK DNW.C.4 ..................... TOTAL Result Count = 0     (0)
RULECHECK DNW.E.2 ..................... TOTAL Result Count = 0     (0)
RULECHECK DNW.R.4 ..................... TOTAL Result Count = 0     (0)
RULECHECK DNW.R.5 ..................... TOTAL Result Count = 0     (0)
RULECHECK VTM_N.W.1 ................... TOTAL Result Count = 0     (0)
RULECHECK VTM_N.W.2 ................... TOTAL Result Count = 0     (0)
RULECHECK VTM_N.W.3 ................... TOTAL Result Count = 0     (0)
RULECHECK VTM_N.S.1 ................... TOTAL Result Count = 0     (0)
RULECHECK VTM_N.E.1 ................... TOTAL Result Count = 0     (0)
RULECHECK VTM_N.C.1 ................... TOTAL Result Count = 0     (0)
RULECHECK VTM_N.C.2 ................... TOTAL Result Count = 0     (0)
RULECHECK VTM_N.R.2 ................... TOTAL Result Count = 0     (0)
RULECHECK VTM_N.R.3 ................... TOTAL Result Count = 0     (0)
RULECHECK VTM_N.R.4 ................... TOTAL Result Count = 0     (0)
RULECHECK VTM_N.R.5 ................... TOTAL Result Count = 0     (0)
RULECHECK VTM_P.W.1 ................... TOTAL Result Count = 0     (0)
RULECHECK VTM_P.W.2 ................... TOTAL Result Count = 0     (0)
RULECHECK VTM_P.S.1 ................... TOTAL Result Count = 0     (0)
RULECHECK VTM_P.E.1 ................... TOTAL Result Count = 0     (0)
RULECHECK VTM_P.C.1 ................... TOTAL Result Count = 0     (0)
RULECHECK VTM_P.C.2 ................... TOTAL Result Count = 0     (0)
RULECHECK VTM_P.R.2 ................... TOTAL Result Count = 0     (0)
RULECHECK VTM_P.R.3 ................... TOTAL Result Count = 0     (0)
RULECHECK VTM_P.R.4 ................... TOTAL Result Count = 0     (0)
RULECHECK VTM_P.R.5 ................... TOTAL Result Count = 0     (0)
RULECHECK VTM_P.R.6 ................... TOTAL Result Count = 0     (0)
RULECHECK HRI.W.1 ..................... TOTAL Result Count = 0     (0)
RULECHECK HRI.S.1 ..................... TOTAL Result Count = 0     (0)
RULECHECK HRI.C.1 ..................... TOTAL Result Count = 0     (0)
RULECHECK HRI.C.2 ..................... TOTAL Result Count = 0     (0)
RULECHECK HRI.C.3_C.4 ................. TOTAL Result Count = 0     (0)
RULECHECK HRI.E.1 ..................... TOTAL Result Count = 0     (0)
RULECHECK HRI.R.1 ..................... TOTAL Result Count = 0     (0)
RULECHECK HRI.R.2 ..................... TOTAL Result Count = 0     (0)
RULECHECK HRI.A.1 ..................... TOTAL Result Count = 0     (0)
RULECHECK CTM.W.1 ..................... TOTAL Result Count = 0     (0)
RULECHECK CTM.W.2 ..................... TOTAL Result Count = 0     (0)
RULECHECK CTM.S.1 ..................... TOTAL Result Count = 0     (0)
RULECHECK CTM.S.2 ..................... TOTAL Result Count = 0     (0)
RULECHECK CTM.R.2 ..................... TOTAL Result Count = 0     (0)
RULECHECK CTM.W.4 ..................... TOTAL Result Count = 0     (0)
RULECHECK CTM.A.1 ..................... TOTAL Result Count = 0     (0)
RULECHECK CTM.R.5 ..................... TOTAL Result Count = 0     (0)
RULECHECK CTM.R.6 ..................... TOTAL Result Count = 0     (0)
RULECHECK MIM_M5.W.1 .................. TOTAL Result Count = 0     (0)
RULECHECK MIM_M5.S.1 .................. TOTAL Result Count = 0     (0)
RULECHECK MIM_M5.S.2 .................. TOTAL Result Count = 0     (0)
RULECHECK MIM_M5.E.3 .................. TOTAL Result Count = 0     (0)
RULECHECK MIMVIA.S.1 .................. TOTAL Result Count = 0     (0)
RULECHECK MIMVIA.S.2 .................. TOTAL Result Count = 0     (0)
RULECHECK MIMVIA.E.1 .................. TOTAL Result Count = 0     (0)
RULECHECK MIMVIA.E.2 .................. TOTAL Result Count = 0     (0)
RULECHECK MIMVIA.C.1 .................. TOTAL Result Count = 0     (0)
RULECHECK MIMVIA.R.1 .................. TOTAL Result Count = 0     (0)
RULECHECK MIMVIA.R.3 .................. TOTAL Result Count = 0     (0)
RULECHECK SBD.W.1_SBD.W.1.1 ........... TOTAL Result Count = 0     (0)
RULECHECK SBD.W.2_SBD.W.2.1 ........... TOTAL Result Count = 0     (0)
RULECHECK SBD.W.3 ..................... TOTAL Result Count = 0     (0)
RULECHECK SBD.W.4 ..................... TOTAL Result Count = 0     (0)
RULECHECK SBD.S.1 ..................... TOTAL Result Count = 0     (0)
RULECHECK SBD.E.1 ..................... TOTAL Result Count = 0     (0)
RULECHECK SBD.E.2 ..................... TOTAL Result Count = 0     (0)
RULECHECK SBD.O.1 ..................... TOTAL Result Count = 0     (0)
RULECHECK SBD.E.1.1 ................... TOTAL Result Count = 0     (0)
RULECHECK SBD.E.3 ..................... TOTAL Result Count = 0     (0)
RULECHECK SBD.R.2 ..................... TOTAL Result Count = 0     (0)
RULECHECK SBD.R.3 ..................... TOTAL Result Count = 0     (0)
RULECHECK SBD.R.4 ..................... TOTAL Result Count = 0     (0)
RULECHECK SBD.R.5 ..................... TOTAL Result Count = 0     (0)
RULECHECK DOD.W.1 ..................... TOTAL Result Count = 0     (0)
RULECHECK DOD.S.1 ..................... TOTAL Result Count = 0     (0)
RULECHECK DOD.C.1 ..................... TOTAL Result Count = 11812 (11812)
RULECHECK DOD.C.2 ..................... TOTAL Result Count = 4884  (4884)
RULECHECK DOD.C.4 ..................... TOTAL Result Count = 2317  (2317)
RULECHECK DOD.C.5 ..................... TOTAL Result Count = 0     (0)
RULECHECK DOD.C.6 ..................... TOTAL Result Count = 0     (0)
RULECHECK DOD.C.7 ..................... TOTAL Result Count = 0     (0)
RULECHECK DOD.C.8 ..................... TOTAL Result Count = 0     (0)
RULECHECK DOD.C.9 ..................... TOTAL Result Count = 0     (0)
RULECHECK DOD.C.13 .................... TOTAL Result Count = 0     (0)
RULECHECK DOD.C.14 .................... TOTAL Result Count = 0     (0)
RULECHECK DOD.C.15 .................... TOTAL Result Count = 0     (0)
RULECHECK DOD.E.1 ..................... TOTAL Result Count = 258   (258)
RULECHECK DOD.E.2 ..................... TOTAL Result Count = 234   (234)
RULECHECK OD.R.1 ...................... TOTAL Result Count = 0     (0)
RULECHECK OD.R.2 ...................... TOTAL Result Count = 0     (0)
RULECHECK OD.R.3 ...................... TOTAL Result Count = 0     (0)
RULECHECK OD.R.4 ...................... TOTAL Result Count = 0     (0)
RULECHECK DOD.R.1 ..................... TOTAL Result Count = 0     (0)
RULECHECK DOD.R.2 ..................... TOTAL Result Count = 0     (0)
RULECHECK DOD.R.3 ..................... TOTAL Result Count = 0     (0)
RULECHECK DPO.W.1 ..................... TOTAL Result Count = 0     (0)
RULECHECK DPO.S.1 ..................... TOTAL Result Count = 0     (0)
RULECHECK DPO.C.1 ..................... TOTAL Result Count = 17174 (17174)
RULECHECK DPO.C.2 ..................... TOTAL Result Count = 6300  (6300)
RULECHECK DPO.C.4 ..................... TOTAL Result Count = 0     (0)
RULECHECK DPO.C.5 ..................... TOTAL Result Count = 0     (0)
RULECHECK DPO.C.6 ..................... TOTAL Result Count = 0     (0)
RULECHECK DPO.C.7 ..................... TOTAL Result Count = 0     (0)
RULECHECK DPO.C.9 ..................... TOTAL Result Count = 0     (0)
RULECHECK DPO.C.12 .................... TOTAL Result Count = 0     (0)
RULECHECK DPO.C.13 .................... TOTAL Result Count = 0     (0)
RULECHECK DPO.C.14 .................... TOTAL Result Count = 0     (0)
RULECHECK DPO.E.1 ..................... TOTAL Result Count = 390   (390)
RULECHECK DPO.A.1 ..................... TOTAL Result Count = 0     (0)
RULECHECK PO.R.5 ...................... TOTAL Result Count = 1     (1)
RULECHECK DPO.R.2 ..................... TOTAL Result Count = 0     (0)
RULECHECK DPO.R.3 ..................... TOTAL Result Count = 0     (0)
RULECHECK AN.R.40m_M1 ................. TOTAL Result Count = 0     (0)
RULECHECK FPAD.R.1 .................... TOTAL Result Count = 0     (0)
RULECHECK 3DMIM.A.2 ................... TOTAL Result Count = 0     (0)
RULECHECK 3DMIM.DN.1 .................. TOTAL Result Count = 0     (0)
RULECHECK 3DMIM.EX.1 .................. TOTAL Result Count = 0     (0)
RULECHECK 3DMIM.EX.2 .................. TOTAL Result Count = 0     (0)
RULECHECK 3DMIM.EX.3 .................. TOTAL Result Count = 0     (0)
RULECHECK 3DMIM.EX.4 .................. TOTAL Result Count = 0     (0)
RULECHECK 3DMIM.S.1 ................... TOTAL Result Count = 0     (0)
RULECHECK 3DMIM.S.2 ................... TOTAL Result Count = 0     (0)
RULECHECK 3DMIM.S.3 ................... TOTAL Result Count = 0     (0)
RULECHECK 3DMIM.S.4 ................... TOTAL Result Count = 0     (0)
RULECHECK 3DMIM.S.5 ................... TOTAL Result Count = 0     (0)
RULECHECK 3DMIM.S.7 ................... TOTAL Result Count = 0     (0)
RULECHECK 3DMIM.W.1 ................... TOTAL Result Count = 0     (0)
RULECHECK 3DMIM.W.3 ................... TOTAL Result Count = 0     (0)
RULECHECK 3DMIM.W.4 ................... TOTAL Result Count = 0     (0)
RULECHECK 3DMIM.W.5 ................... TOTAL Result Count = 0     (0)
RULECHECK 3DMIM.W.6 ................... TOTAL Result Count = 0     (0)
RULECHECK 3DMIM.R.10 .................. TOTAL Result Count = 0     (0)
RULECHECK 3DMIM.S.8 ................... TOTAL Result Count = 0     (0)
RULECHECK 3DMIM.S.9 ................... TOTAL Result Count = 0     (0)
RULECHECK 3DMIM.EX.5 .................. TOTAL Result Count = 0     (0)
RULECHECK 3DMIM.S.10 .................. TOTAL Result Count = 0     (0)
RULECHECK ANALOGDMY.A.1 ............... TOTAL Result Count = 0     (0)
RULECHECK ANALOGDMY.EX.1 .............. TOTAL Result Count = 0     (0)
RULECHECK ANALOGDMY.EX.2 .............. TOTAL Result Count = 0     (0)
RULECHECK ANALOGDMY.R.1 ............... TOTAL Result Count = 0     (0)
RULECHECK ANALOGDMY.S.1 ............... TOTAL Result Count = 0     (0)
RULECHECK ANALOGDMY.S.2 ............... TOTAL Result Count = 0     (0)
RULECHECK ANALOGDMY.S.3 ............... TOTAL Result Count = 0     (0)
RULECHECK ANALOGDMY.S.4 ............... TOTAL Result Count = 0     (0)
RULECHECK ANALOGDMY.W.1 ............... TOTAL Result Count = 0     (0)
RULECHECK MOM.S.2:M1 .................. TOTAL Result Count = 0     (0)
RULECHECK MOM.S.2:M2 .................. TOTAL Result Count = 0     (0)
RULECHECK MOM.S.2:M3 .................. TOTAL Result Count = 0     (0)
RULECHECK MOM.S.2:M4 .................. TOTAL Result Count = 0     (0)
RULECHECK MOM.S.2:M5 .................. TOTAL Result Count = 0     (0)
RULECHECK MOM.A.1 ..................... TOTAL Result Count = 0     (0)
RULECHECK MOM.R.1 ..................... TOTAL Result Count = 0     (0)
RULECHECK MOM.R.2 ..................... NOT EXECUTED
RULECHECK DRM.R.1 ..................... NOT EXECUTED
----------------------------------------------------------------------------------
--- RULECHECK RESULTS STATISTICS (BY CELL)
---
CELL pad_in ................... TOTAL Result Count = 1      (5)
    RULECHECK OD.R.5 .......... TOTAL Result Count = 1      (5)
CELL pad_fill_32 .............. TOTAL Result Count = 1      (114)
    RULECHECK OD.R.5 .......... TOTAL Result Count = 1      (114)
CELL pad_fill_01 .............. TOTAL Result Count = 1      (48)
    RULECHECK OD.R.5 .......... TOTAL Result Count = 1      (48)
CELL pad_fill_005 ............. TOTAL Result Count = 1      (32)
    RULECHECK OD.R.5 .......... TOTAL Result Count = 1      (32)
CELL pad_gnd .................. TOTAL Result Count = 1920   (1920)
    RULECHECK PO.C.2 .......... TOTAL Result Count = 11     (11)
    RULECHECK PP.O.1 .......... TOTAL Result Count = 1      (1)
    RULECHECK CO.C.1_CO.R.1 ... TOTAL Result Count = 434    (434)
    RULECHECK M1.S.1 .......... TOTAL Result Count = 15     (15)
    RULECHECK OD.R.5 .......... TOTAL Result Count = 1      (1)
    RULECHECK M2.W.1 .......... TOTAL Result Count = 2      (2)
    RULECHECK M2.S.1 .......... TOTAL Result Count = 16     (16)
    RULECHECK M3.S.1 .......... TOTAL Result Count = 12     (12)
    RULECHECK M4.S.1 .......... TOTAL Result Count = 5      (5)
    RULECHECK PP.E.3 .......... TOTAL Result Count = 16     (16)
    RULECHECK M5.S.1 .......... TOTAL Result Count = 1      (1)
    RULECHECK PP.R.3_NP.R.3 ... TOTAL Result Count = 54     (54)
    RULECHECK NP.E.3 .......... TOTAL Result Count = 26     (26)
    RULECHECK M1.S.2 .......... TOTAL Result Count = 13     (13)
    RULECHECK M2.S.2 .......... TOTAL Result Count = 18     (18)
    RULECHECK M3.S.2 .......... TOTAL Result Count = 3      (3)
    RULECHECK M4.S.2 .......... TOTAL Result Count = 2      (2)
    RULECHECK M5.S.2 .......... TOTAL Result Count = 2      (2)
    RULECHECK _PO.R.1A.MM ..... TOTAL Result Count = 856    (856)
    RULECHECK UTM40K.S.1 ...... TOTAL Result Count = 1      (1)
    RULECHECK DOD.C.1 ......... TOTAL Result Count = 139    (139)
    RULECHECK DOD.C.4 ......... TOTAL Result Count = 27     (27)
    RULECHECK DPO.C.1 ......... TOTAL Result Count = 259    (259)
    RULECHECK UTM40K.S.2 ...... TOTAL Result Count = 6      (6)
CELL pad_corner ............... TOTAL Result Count = 1      (4)
    RULECHECK OD.R.5 .......... TOTAL Result Count = 1      (4)
CELL pad_fill_16 .............. TOTAL Result Count = 1      (6)
    RULECHECK OD.R.5 .......... TOTAL Result Count = 1      (6)
CELL pad_fill_8 ............... TOTAL Result Count = 1      (6)
    RULECHECK OD.R.5 .......... TOTAL Result Count = 1      (6)
CELL pad_fill_4 ............... TOTAL Result Count = 1      (6)
    RULECHECK OD.R.5 .......... TOTAL Result Count = 1      (6)
CELL pad_fill_2 ............... TOTAL Result Count = 1      (6)
    RULECHECK OD.R.5 .......... TOTAL Result Count = 1      (6)
CELL pad_vdd .................. TOTAL Result Count = 1      (1)
    RULECHECK OD.R.5 .......... TOTAL Result Count = 1      (1)
CELL pad_out .................. TOTAL Result Count = 2      (2)
    RULECHECK OD.R.5 .......... TOTAL Result Count = 1      (1)
    RULECHECK M3.S.1 .......... TOTAL Result Count = 1      (1)
CELL top_pad .................. TOTAL Result Count = 189484 (189484)
    RULECHECK OD.W.1_OD.W.2 ... TOTAL Result Count = 11     (11)
    RULECHECK OD.S.1 .......... TOTAL Result Count = 908    (908)
    RULECHECK PO.S.1 .......... TOTAL Result Count = 37     (37)
    RULECHECK PO.S.2_PO.S.3 ... TOTAL Result Count = 462    (462)
    RULECHECK PO.C.1 .......... TOTAL Result Count = 778    (778)
    RULECHECK PO.C.2 .......... TOTAL Result Count = 1840   (1840)
    RULECHECK PO.O.1 .......... TOTAL Result Count = 1349   (1349)
    RULECHECK RES.13 .......... TOTAL Result Count = 77     (77)
    RULECHECK PP.C.1 .......... TOTAL Result Count = 2469   (2469)
    RULECHECK PP.C.5 .......... TOTAL Result Count = 4923   (4923)
    RULECHECK PP.O.1 .......... TOTAL Result Count = 439    (439)
    RULECHECK NP.C.1 .......... TOTAL Result Count = 145    (145)
    RULECHECK NP.C.5 .......... TOTAL Result Count = 6802   (6802)
    RULECHECK NP.O.1 .......... TOTAL Result Count = 402    (402)
    RULECHECK RPO.C.3 ......... TOTAL Result Count = 110    (110)
    RULECHECK RPO.C.6 ......... TOTAL Result Count = 16     (16)
    RULECHECK CO.C.1_CO.R.1 ... TOTAL Result Count = 33013  (33013)
    RULECHECK CO.C.2 .......... TOTAL Result Count = 16     (16)
    RULECHECK CO.E.1 .......... TOTAL Result Count = 4      (4)
    RULECHECK CO.E.2 .......... TOTAL Result Count = 9      (9)
    RULECHECK CO.E.3 .......... TOTAL Result Count = 16     (16)
    RULECHECK CO.E.4 .......... TOTAL Result Count = 7      (7)
    RULECHECK M1.W.1 .......... TOTAL Result Count = 1583   (1583)
    RULECHECK M1.S.1 .......... TOTAL Result Count = 19441  (19441)
    RULECHECK OD.C.1 .......... TOTAL Result Count = 2634   (2634)
    RULECHECK OD.C.2_OD.C.3 ... TOTAL Result Count = 2722   (2722)
    RULECHECK OD.R.5 .......... TOTAL Result Count = 7      (7)
    RULECHECK M2.W.1 .......... TOTAL Result Count = 642    (642)
    RULECHECK M2.S.1 .......... TOTAL Result Count = 12359  (12359)
    RULECHECK OD.C.4 .......... TOTAL Result Count = 2295   (2295)
    RULECHECK PP.C.2 .......... TOTAL Result Count = 176    (176)
    RULECHECK M3.W.1 .......... TOTAL Result Count = 275    (275)
    RULECHECK M3.S.1 .......... TOTAL Result Count = 8867   (8867)
    RULECHECK M4.W.1 .......... TOTAL Result Count = 175    (175)
    RULECHECK M4.S.1 .......... TOTAL Result Count = 7302   (7302)
    RULECHECK PP.C.3 .......... TOTAL Result Count = 18     (18)
    RULECHECK PP.E.1 .......... TOTAL Result Count = 75     (75)
    RULECHECK PP.E.3 .......... TOTAL Result Count = 115    (115)
    RULECHECK M5.W.1 .......... TOTAL Result Count = 45     (45)
    RULECHECK M5.S.1 .......... TOTAL Result Count = 3016   (3016)
    RULECHECK PP.R.3_NP.R.3 ... TOTAL Result Count = 283    (283)
    RULECHECK NP.E.1 .......... TOTAL Result Count = 2423   (2423)
    RULECHECK RPO.C.1 ......... TOTAL Result Count = 22     (22)
    RULECHECK PP.E.4 .......... TOTAL Result Count = 1      (1)
    RULECHECK NP.E.3 .......... TOTAL Result Count = 157    (157)
    RULECHECK RPO.E.1 ......... TOTAL Result Count = 19     (19)
    RULECHECK NP.E.4 .......... TOTAL Result Count = 20     (20)
    RULECHECK RPO.C.4 ......... TOTAL Result Count = 30     (30)
    RULECHECK RPO.C.5 ......... TOTAL Result Count = 16     (16)
    RULECHECK M1.S.2 .......... TOTAL Result Count = 895    (895)
    RULECHECK M2.S.2 .......... TOTAL Result Count = 1220   (1220)
    RULECHECK M3.S.2 .......... TOTAL Result Count = 14     (14)
    RULECHECK M4.S.2 .......... TOTAL Result Count = 16     (16)
    RULECHECK M5.S.2 .......... TOTAL Result Count = 13     (13)
    RULECHECK ESD.6g .......... TOTAL Result Count = 644    (644)
    RULECHECK ESD.18g_1.8V .... TOTAL Result Count = 11     (11)
    RULECHECK ESD.19g ......... TOTAL Result Count = 17     (17)
    RULECHECK ESD.21g ......... TOTAL Result Count = 192    (192)
    RULECHECK ESD.24g ......... TOTAL Result Count = 55     (55)
    RULECHECK ESD.25g ......... TOTAL Result Count = 160    (160)
    RULECHECK ESD.WARN.5 ...... TOTAL Result Count = 38     (38)
    RULECHECK AMS.DN.M2 ....... TOTAL Result Count = 6      (6)
    RULECHECK _PO.R.1A.MM ..... TOTAL Result Count = 24673  (24673)
    RULECHECK UTM40K.W.1 ...... TOTAL Result Count = 2      (2)
    RULECHECK UTM40K.S.1 ...... TOTAL Result Count = 997    (997)
    RULECHECK DOD.C.2 ......... TOTAL Result Count = 4884   (4884)
    RULECHECK DOD.C.1 ......... TOTAL Result Count = 11517  (11517)
    RULECHECK DOD.C.4 ......... TOTAL Result Count = 2290   (2290)
    RULECHECK DOD.E.1 ......... TOTAL Result Count = 258    (258)
    RULECHECK ESD.3g .......... TOTAL Result Count = 16     (16)
    RULECHECK DPO.C.1 ......... TOTAL Result Count = 16677  (16677)
    RULECHECK DPO.C.2 ......... TOTAL Result Count = 6300   (6300)
    RULECHECK UTM40K.S.2 ...... TOTAL Result Count = 38     (38)
CELL top_pad_poly_metal ....... TOTAL Result Count = 4348   (4348)
    RULECHECK PO.C.2 .......... TOTAL Result Count = 78     (78)
    RULECHECK PO.O.1 .......... TOTAL Result Count = 78     (78)
    RULECHECK PP.C.5 .......... TOTAL Result Count = 157    (157)
    RULECHECK RPO.C.3 ......... TOTAL Result Count = 78     (78)
    RULECHECK CO.C.1_CO.R.1 ... TOTAL Result Count = 234    (234)
    RULECHECK M1.S.1 .......... TOTAL Result Count = 16     (16)
    RULECHECK M2.S.1 .......... TOTAL Result Count = 93     (93)
    RULECHECK M3.S.1 .......... TOTAL Result Count = 52     (52)
    RULECHECK M4.S.1 .......... TOTAL Result Count = 54     (54)
    RULECHECK PP.E.3 .......... TOTAL Result Count = 78     (78)
    RULECHECK M5.S.1 .......... TOTAL Result Count = 46     (46)
    RULECHECK PP.R.3_NP.R.3 ... TOTAL Result Count = 78     (78)
    RULECHECK RPO.C.5 ......... TOTAL Result Count = 78     (78)
    RULECHECK M1.S.2 .......... TOTAL Result Count = 30     (30)
    RULECHECK M2.S.2 .......... TOTAL Result Count = 27     (27)
    RULECHECK M3.S.2 .......... TOTAL Result Count = 34     (34)
    RULECHECK PO.R.3 .......... TOTAL Result Count = 1      (1)
    RULECHECK M4.S.2 .......... TOTAL Result Count = 36     (36)
    RULECHECK M1.R.1 .......... TOTAL Result Count = 1      (1)
    RULECHECK M2.R.1 .......... TOTAL Result Count = 1      (1)
    RULECHECK M3.R.1 .......... TOTAL Result Count = 1      (1)
    RULECHECK M5.R.1 .......... TOTAL Result Count = 1      (1)
    RULECHECK M4.R.1 .......... TOTAL Result Count = 1      (1)
    RULECHECK M5.S.2 .......... TOTAL Result Count = 23     (23)
    RULECHECK SR.S.1 .......... TOTAL Result Count = 235    (235)
    RULECHECK SR.E.2 .......... TOTAL Result Count = 1101   (1101)
    RULECHECK _PO.R.1A.MM ..... TOTAL Result Count = 624    (624)
    RULECHECK UTM40K.S.1 ...... TOTAL Result Count = 39     (39)
    RULECHECK UTM40K.R.1 ...... TOTAL Result Count = 1      (1)
    RULECHECK DOD.C.1 ......... TOTAL Result Count = 156    (156)
    RULECHECK DOD.E.2 ......... TOTAL Result Count = 234    (234)
    RULECHECK DPO.C.1 ......... TOTAL Result Count = 238    (238)
    RULECHECK DPO.E.1 ......... TOTAL Result Count = 390    (390)
    RULECHECK PO.R.5 .......... TOTAL Result Count = 1      (1)
    RULECHECK UTM40K.S.2 ...... TOTAL Result Count = 53     (53)
----------------------------------------------------------------------------------
--- SUMMARY
---
TOTAL CPU Time:                  136
TOTAL REAL Time:                 12
TOTAL Original Layer Geometries: 1361664 (3475608)
TOTAL DRC RuleChecks Executed:   525
TOTAL DRC Results Generated:     195764 (195982)
