

Working Directory = /home/u1425837/des-project/genus
QoS Summary for TopModule
==========================================================================================
Metric                          generic         map             syn_opt         final          
==========================================================================================
Slack (ps):                    -5,310          -4,335          -4,090          -4,090
  R2R (ps):                    -5,310          -4,335          -4,090          -4,090
  I2R (ps):                  no_value        no_value        no_value        no_value
  R2O (ps):                  no_value        no_value        no_value        no_value
  I2O (ps):                  no_value        no_value        no_value        no_value
  CG  (ps):                  no_value        no_value        no_value        no_value
TNS (ps):                    -463,177        -425,141        -379,829        -379,829
  R2R (ps):                  -463,177        -425,141        -379,829        -379,829
  I2R (ps):                  no_value        no_value        no_value        no_value
  R2O (ps):                  no_value        no_value        no_value        no_value
  I2O (ps):                  no_value        no_value        no_value        no_value
  CG  (ps):                  no_value        no_value        no_value        no_value
Failing Paths:                    331             331             331             331
Cell Area:                    149,323         171,987         163,798         163,798
Total Cell Area:              149,323         171,987         163,798         163,798
Leaf Instances:                 5,459           5,835           5,115           5,115
Total Instances:                5,459           5,835           5,115           5,115
Utilization (%):                 0.00            0.00            0.00            0.00
Tot. Net Length (um):        no_value        no_value        no_value        no_value
Avg. Net Length (um):        no_value        no_value        no_value        no_value
Route Overflow H (%):        no_value        no_value        no_value        no_value
Route Overflow V (%):        no_value        no_value        no_value        no_value
MBCI(%) (bits/gate) :            0.00            0.00            0.00            0.00
Norm Cong Hotspot Area:
  Max Cong:                  no_value        no_value        no_value        no_value
  Tot Cong:                  no_value        no_value        no_value        no_value
==========================================================================================
CPU  Runtime (h:m:s):        00:01:31        00:00:53        00:01:49        00:00:00
Real Runtime (h:m:s):        00:01:29        00:00:46        00:01:49        00:00:01
CPU  Elapsed (h:m:s):        00:01:34        00:02:27        00:04:16        00:04:16
Real Elapsed (h:m:s):        00:01:31        00:02:17        00:04:06        00:04:07
Memory (MB):                  1669.18         1669.34         1669.16         1677.17
==========================================================================================
==========================================================================================
Flow Settings:
==========================================================================================
Total Runtime (h:m:s): 00:04:06
Total Memory (MB):     1677.17
Executable Version:    21.15-s080_1
==========================================================================================
Total Cell Area =  Cell Area + Physical Cell Area
Total Instances =  Leaf Instances + Physical Instances


